Component: ARM Compiler 5.05 update 1 (build 106) Tool: armlink [4d0efa]

==============================================================================

Section Cross References

    24cxx.o(i.AT24CXX_Check) refers to 24cxx.o(i.AT24CXX_ReadOneByte) for AT24CXX_ReadOneByte
    24cxx.o(i.AT24CXX_Check) refers to 24cxx.o(i.AT24CXX_WriteOneByte) for AT24CXX_WriteOneByte
    24cxx.o(i.AT24CXX_Init) refers to myiic.o(i.IIC_Init) for IIC_Init
    24cxx.o(i.AT24CXX_Read) refers to 24cxx.o(i.AT24CXX_ReadOneByte) for AT24CXX_ReadOneByte
    24cxx.o(i.AT24CXX_ReadLenByte) refers to 24cxx.o(i.AT24CXX_ReadOneByte) for AT24CXX_ReadOneByte
    24cxx.o(i.AT24CXX_ReadOneByte) refers to myiic.o(i.IIC_Start) for IIC_Start
    24cxx.o(i.AT24CXX_ReadOneByte) refers to myiic.o(i.IIC_Send_Byte) for IIC_Send_Byte
    24cxx.o(i.AT24CXX_ReadOneByte) refers to myiic.o(i.IIC_Wait_Ack) for IIC_Wait_Ack
    24cxx.o(i.AT24CXX_ReadOneByte) refers to myiic.o(i.IIC_Read_Byte) for IIC_Read_Byte
    24cxx.o(i.AT24CXX_ReadOneByte) refers to myiic.o(i.IIC_Stop) for IIC_Stop
    24cxx.o(i.AT24CXX_Write) refers to 24cxx.o(i.AT24CXX_WriteOneByte) for AT24CXX_WriteOneByte
    24cxx.o(i.AT24CXX_WriteLenByte) refers to 24cxx.o(i.AT24CXX_WriteOneByte) for AT24CXX_WriteOneByte
    24cxx.o(i.AT24CXX_WriteOneByte) refers to myiic.o(i.IIC_Start) for IIC_Start
    24cxx.o(i.AT24CXX_WriteOneByte) refers to myiic.o(i.IIC_Send_Byte) for IIC_Send_Byte
    24cxx.o(i.AT24CXX_WriteOneByte) refers to myiic.o(i.IIC_Wait_Ack) for IIC_Wait_Ack
    24cxx.o(i.AT24CXX_WriteOneByte) refers to myiic.o(i.IIC_Stop) for IIC_Stop
    24cxx.o(i.AT24CXX_WriteOneByte) refers to delay.o(i.delay_ms) for delay_ms
    myiic.o(i.IIC_Ack) refers to delay.o(i.delay_us) for delay_us
    myiic.o(i.IIC_Init) refers to stm32f10x_rcc.o(i.RCC_APB2PeriphClockCmd) for RCC_APB2PeriphClockCmd
    myiic.o(i.IIC_Init) refers to stm32f10x_gpio.o(i.GPIO_Init) for GPIO_Init
    myiic.o(i.IIC_NAck) refers to delay.o(i.delay_us) for delay_us
    myiic.o(i.IIC_Read_Byte) refers to delay.o(i.delay_us) for delay_us
    myiic.o(i.IIC_Read_Byte) refers to myiic.o(i.IIC_NAck) for IIC_NAck
    myiic.o(i.IIC_Read_Byte) refers to myiic.o(i.IIC_Ack) for IIC_Ack
    myiic.o(i.IIC_Send_Byte) refers to delay.o(i.delay_us) for delay_us
    myiic.o(i.IIC_Start) refers to delay.o(i.delay_us) for delay_us
    myiic.o(i.IIC_Stop) refers to delay.o(i.delay_us) for delay_us
    myiic.o(i.IIC_Wait_Ack) refers to delay.o(i.delay_us) for delay_us
    myiic.o(i.IIC_Wait_Ack) refers to myiic.o(i.IIC_Stop) for IIC_Stop
    key.o(i.KEY_Init) refers to stm32f10x_rcc.o(i.RCC_APB2PeriphClockCmd) for RCC_APB2PeriphClockCmd
    key.o(i.KEY_Init) refers to stm32f10x_gpio.o(i.GPIO_PinRemapConfig) for GPIO_PinRemapConfig
    key.o(i.KEY_Init) refers to stm32f10x_gpio.o(i.GPIO_Init) for GPIO_Init
    key.o(i.KEY_Scan) refers to stm32f10x_gpio.o(i.GPIO_ReadInputDataBit) for GPIO_ReadInputDataBit
    key.o(i.KEY_Scan) refers to delay.o(i.delay_ms) for delay_ms
    key.o(i.KEY_Scan) refers to key.o(.data) for key_up
    lcd.o(i.LCD_Clear) refers to lcd.o(i.LCD_SetCursor) for LCD_SetCursor
    lcd.o(i.LCD_Clear) refers to lcd.o(i.LCD_WriteRAM_Prepare) for LCD_WriteRAM_Prepare
    lcd.o(i.LCD_Clear) refers to lcd.o(.bss) for lcddev
    lcd.o(i.LCD_Color_Fill) refers to lcd.o(i.LCD_SetCursor) for LCD_SetCursor
    lcd.o(i.LCD_Color_Fill) refers to lcd.o(i.LCD_WriteRAM_Prepare) for LCD_WriteRAM_Prepare
    lcd.o(i.LCD_DisplayOff) refers to lcd.o(i.LCD_WR_REG) for LCD_WR_REG
    lcd.o(i.LCD_DisplayOff) refers to lcd.o(i.LCD_WriteReg) for LCD_WriteReg
    lcd.o(i.LCD_DisplayOff) refers to lcd.o(.bss) for lcddev
    lcd.o(i.LCD_DisplayOn) refers to lcd.o(i.LCD_WR_REG) for LCD_WR_REG
    lcd.o(i.LCD_DisplayOn) refers to lcd.o(i.LCD_WriteReg) for LCD_WriteReg
    lcd.o(i.LCD_DisplayOn) refers to lcd.o(.bss) for lcddev
    lcd.o(i.LCD_Display_Dir) refers to lcd.o(i.LCD_Scan_Dir) for LCD_Scan_Dir
    lcd.o(i.LCD_Display_Dir) refers to lcd.o(.bss) for lcddev
    lcd.o(i.LCD_DrawLine) refers to lcd.o(i.LCD_DrawPoint) for LCD_DrawPoint
    lcd.o(i.LCD_DrawPoint) refers to lcd.o(i.LCD_SetCursor) for LCD_SetCursor
    lcd.o(i.LCD_DrawPoint) refers to lcd.o(i.LCD_WriteRAM_Prepare) for LCD_WriteRAM_Prepare
    lcd.o(i.LCD_DrawPoint) refers to lcd.o(.data) for POINT_COLOR
    lcd.o(i.LCD_DrawRectangle) refers to lcd.o(i.LCD_DrawLine) for LCD_DrawLine
    lcd.o(i.LCD_Draw_Circle) refers to lcd.o(i.LCD_DrawPoint) for LCD_DrawPoint
    lcd.o(i.LCD_Fast_DrawPoint) refers to lcd.o(i.LCD_WR_REG) for LCD_WR_REG
    lcd.o(i.LCD_Fast_DrawPoint) refers to lcd.o(i.LCD_WriteReg) for LCD_WriteReg
    lcd.o(i.LCD_Fast_DrawPoint) refers to lcd.o(.bss) for lcddev
    lcd.o(i.LCD_Fill) refers to lcd.o(i.LCD_SetCursor) for LCD_SetCursor
    lcd.o(i.LCD_Fill) refers to lcd.o(i.LCD_WriteRAM_Prepare) for LCD_WriteRAM_Prepare
    lcd.o(i.LCD_Fill) refers to lcd.o(.bss) for lcddev
[...]
    _printf_d                                0x080001e5   Thumb Code     0  _printf_d.o(.ARM.Collect$$_printf_percent$$00000009)
    _printf_percent                          0x080001e5   Thumb Code     0  _printf_percent.o(.ARM.Collect$$_printf_percent$$00000000)
    _printf_u                                0x080001eb   Thumb Code     0  _printf_u.o(.ARM.Collect$$_printf_percent$$0000000A)
    _printf_x                                0x080001f1   Thumb Code     0  _printf_x.o(.ARM.Collect$$_printf_percent$$0000000C)
    _printf_c                                0x080001f7   Thumb Code     0  _printf_c.o(.ARM.Collect$$_printf_percent$$00000013)
    _printf_s                                0x080001fd   Thumb Code     0  _printf_s.o(.ARM.Collect$$_printf_percent$$00000014)
    _printf_percent_end                      0x08000203   Thumb Code     0  _printf_percent_end.o(.ARM.Collect$$_printf_percent$$00000017)
    __rt_lib_init                            0x08000207   Thumb Code     0  libinit.o(.ARM.Collect$$libinit$$00000000)
    __rt_lib_init_alloca_1                   0x08000209   Thumb Code     0  libinit2.o(.ARM.Collect$$libinit$$0000002E)
    __rt_lib_init_argv_1                     0x08000209   Thumb Code     0  libinit2.o(.ARM.Collect$$libinit$$0000002C)
    __rt_lib_init_atexit_1                   0x08000209   Thumb Code     0  libinit2.o(.ARM.Collect$$libinit$$0000001B)
    __rt_lib_init_clock_1                    0x08000209   Thumb Code     0  libinit2.o(.ARM.Collect$$libinit$$00000021)
    __rt_lib_init_cpp_1                      0x08000209   Thumb Code     0  libinit2.o(.ARM.Collect$$libinit$$00000032)
    __rt_lib_init_exceptions_1               0x08000209   Thumb Code     0  libinit2.o(.ARM.Collect$$libinit$$00000030)
    __rt_lib_init_fp_1                       0x08000209   Thumb Code     0  libinit2.o(.ARM.Collect$$libinit$$00000002)
    __rt_lib_init_fp_trap_1                  0x08000209   Thumb Code     0  libinit2.o(.ARM.Collect$$libinit$$0000001F)
    __rt_lib_init_getenv_1                   0x08000209   Thumb Code     0  libinit2.o(.ARM.Collect$$libinit$$00000023)
    __rt_lib_init_heap_1                     0x08000209   Thumb Code     0  libinit2.o(.ARM.Collect$$libinit$$0000000A)
    __rt_lib_init_lc_collate_1               0x08000209   Thumb Code     0  libinit2.o(.ARM.Collect$$libinit$$00000011)
    __rt_lib_init_lc_ctype_1                 0x08000209   Thumb Code     0  libinit2.o(.ARM.Collect$$libinit$$00000013)
    __rt_lib_init_lc_monetary_1              0x08000209   Thumb Code     0  libinit2.o(.ARM.Collect$$libinit$$00000015)
    __rt_lib_init_lc_numeric_1               0x08000209   Thumb Code     0  libinit2.o(.ARM.Collect$$libinit$$00000017)
    __rt_lib_init_lc_time_1                  0x08000209   Thumb Code     0  libinit2.o(.ARM.Collect$$libinit$$00000019)
    __rt_lib_init_preinit_1                  0x08000209   Thumb Code     0  libinit2.o(.ARM.Collect$$libinit$$00000004)
    __rt_lib_init_rand_1                     0x08000209   Thumb Code     0  libinit2.o(.ARM.Collect$$libinit$$0000000E)
    __rt_lib_init_return                     0x08000209   Thumb Code     0  libinit2.o(.ARM.Collect$$libinit$$00000033)
    __rt_lib_init_signal_1                   0x08000209   Thumb Code     0  libinit2.o(.ARM.Collect$$libinit$$0000001D)
    __rt_lib_init_stdio_1                    0x08000209   Thumb Code     0  libinit2.o(.ARM.Collect$$libinit$$00000025)
    __rt_lib_init_user_alloc_1               0x08000209   Thumb Code     0  libinit2.o(.ARM.Collect$$libinit$$0000000C)
    __rt_lib_shutdown                        0x0800020b   Thumb Code     0  libshutdown.o(.ARM.Collect$$libshutdown$$00000000)
    __rt_lib_shutdown_fp_trap_1              0x0800020d   Thumb Code     0  libshutdown2.o(.ARM.Collect$$libshutdown$$00000006)
    __rt_lib_shutdown_heap_1                 0x0800020d   Thumb Code     0  libshutdown2.o(.ARM.Collect$$libshutdown$$0000000E)
    __rt_lib_shutdown_return                 0x0800020d   Thumb Code     0  libshutdown2.o(.ARM.Collect$$libshutdown$$0000000F)
    __rt_lib_shutdown_signal_1               0x0800020d   Thumb Code     0  libshutdown2.o(.ARM.Collect$$libshutdown$$00000009)
    __rt_lib_shutdown_stdio_1                0x0800020d   Thumb Code     0  libshutdown2.o(.ARM.Collect$$libshutdown$$00000003)
    __rt_lib_shutdown_user_alloc_1           0x0800020d   Thumb Code     0  libshutdown2.o(.ARM.Collect$$libshutdown$$0000000B)
    __rt_entry                               0x0800020f   Thumb Code     0  __rtentry.o(.ARM.Collect$$rtentry$$00000000)
    __rt_entry_presh_1                       0x0800020f   Thumb Code     0  __rtentry2.o(.ARM.Collect$$rtentry$$00000002)
    __rt_entry_sh                            0x0800020f   Thumb Code     0  __rtentry4.o(.ARM.Collect$$rtentry$$00000004)
    __rt_entry_li                            0x08000215   Thumb Code     0  __rtentry2.o(.ARM.Collect$$rtentry$$0000000A)
    __rt_entry_postsh_1                      0x08000215   Thumb Code     0  __rtentry2.o(.ARM.Collect$$rtentry$$00000009)
    __rt_entry_main                          0x08000219   Thumb Code     0  __rtentry2.o(.ARM.Collect$$rtentry$$0000000D)
    __rt_entry_postli_1                      0x08000219   Thumb Code     0  __rtentry2.o(.ARM.Collect$$rtentry$$0000000C)
    __rt_exit                                0x08000221   Thumb Code     0  rtexit.o(.ARM.Collect$$rtexit$$00000000)
    __rt_exit_ls                             0x08000223   Thumb Code     0  rtexit2.o(.ARM.Collect$$rtexit$$00000003)
    __rt_exit_prels_1                        0x08000223   Thumb Code     0  rtexit2.o(.ARM.Collect$$rtexit$$00000002)
    __rt_exit_exit                           0x08000227   Thumb Code     0  rtexit2.o(.ARM.Collect$$rtexit$$00000004)
    Reset_Handler                            0x0800022d   Thumb Code     8  startup_stm32f10x_hd.o(.text)
    NMI_Handler                              0x08000235   Thumb Code     2  startup_stm32f10x_hd.o(.text)
    HardFault_Handler                        0x08000237   Thumb Code     2  startup_stm32f10x_hd.o(.text)
    MemManage_Handler                        0x08000239   Thumb Code     2  startup_stm32f10x_hd.o(.text)
    BusFault_Handler                         0x0800023b   Thumb Code     2  startup_stm32f10x_hd.o(.text)
    UsageFault_Handler                       0x0800023d   Thumb Code     2  startup_stm32f10x_hd.o(.text)
    SVC_Handler                              0x0800023f   Thumb Code     2  startup_stm32f10x_hd.o(.text)
    DebugMon_Handler                         0x08000241   Thumb Code     2  startup_stm32f10x_hd.o(.text)
    PendSV_Handler                           0x08000243   Thumb Code     2  startup_stm32f10x_hd.o(.text)
    SysTick_Handler                          0x08000245   Thumb Code     2  startup_stm32f10x_hd.o(.text)
    ADC1_2_IRQHandler                        0x08000247   Thumb Code     0  startup_stm32f10x_hd.o(.text)
    ADC3_IRQHandler                          0x08000247   Thumb Code     0  startup_stm32f10x_hd.o(.text)
    CAN1_RX1_IRQHandler                      0x08000247   Thumb Code     0  startup_stm32f10x_hd.o(.text)
    CAN1_SCE_IRQHandler                      0x08000247   Thumb Code     0  startup_stm32f10x_hd.o(.text)
    DMA1_Channel1_IRQHandler                 0x08000247   Thumb Code     0  startup_stm32f10x_hd.o(.text)
    DMA1_Channel2_IRQHandler                 0x08000247   Thumb Code     0  startup_stm32f10x_hd.o(.text)
    DMA1_Channel3_IRQHandler                 0x08000247   Thumb Code     0  startup_stm32f10x_hd.o(.text)
    DMA1_Channel4_IRQHandler                 0x08000247   Thumb Code     0  startup_stm32f10x_hd.o(.text)
    DMA1_Channel5_IRQHandler                 0x08000247   Thumb Code     0  startup_stm32f10x_hd.o(.text)
    DMA1_Channel6_IRQHandler                 0x08000247   Thumb Code     0  startup_stm32f10x_hd.o(.text)
    DMA1_Channel7_IRQHandler                 0x08000247   Thumb Code     0  startup_stm32f10x_hd.o(.text)
    DMA2_Channel1_IRQHandler                 0x08000247   Thumb Code     0  startup_stm32f10x_hd.o(.text)
    DMA2_Channel2_IRQHandler                 0x08000247   Thumb Code     0  startup_stm32f10x_hd.o(.text)
    DMA2_Channel3_IRQHandler                 0x08000247   Thumb Code     0  startup_stm32f10x_hd.o(.text)
    DMA2_Channel4_5_IRQHandler               0x08000247   Thumb Code     0  startup_stm32f10x_hd.o(.text)
    EXTI0_IRQHandler                         0x08000247   Thumb Code     0  startup_stm32f10x_hd.o(.text)
    EXTI15_10_IRQHandler                     0x08000247   Thumb Code     0  startup_stm32f10x_hd.o(.text)
    EXTI1_IRQHandler                         0x08000247   Thumb Code     0  startup_stm32f10x_hd.o(.text)
    EXTI2_IRQHandler                         0x08000247   Thumb Code     0  startup_stm32f10x_hd.o(.text)
    EXTI3_IRQHandler                         0x08000247   Thumb Code     0  startup_stm32f10x_hd.o(.text)
    EXTI4_IRQHandler                         0x08000247   Thumb Code     0  startup_stm32f10x_hd.o(.text)
    EXTI9_5_IRQHandler                       0x08000247   Thumb Code     0  startup_stm32f10x_hd.o(.text)
    FLASH_IRQHandler                         0x08000247   Thumb Code     0  startup_stm32f10x_hd.o(.text)
    FSMC_IRQHandler                          0x08000247   Thumb Code     0  startup_stm32f10x_hd.o(.text)
    I2C1_ER_IRQHandler                       0x08000247   Thumb Code     0  startup_stm32f10x_hd.o(.text)
    I2C1_EV_IRQHandler                       0x08000247   Thumb Code     0  startup_stm32f10x_hd.o(.text)
    I2C2_ER_IRQHandler                       0x08000247   Thumb Code     0  startup_stm32f10x_hd.o(.text)
    I2C2_EV_IRQHandler                       0x08000247   Thumb Code     0  startup_stm32f10x_hd.o(.text)
    PVD_IRQHandler                           0x08000247   Thumb Code     0  startup_stm32f10x_hd.o(.text)
    RCC_IRQHandler                           0x08000247   Thumb Code     0  startup_stm32f10x_hd.o(.text)
    RTCAlarm_IRQHandler                      0x08000247   Thumb Code     0  startup_stm32f10x_hd.o(.text)
    SDIO_IRQHandler                          0x08000247   Thumb Code     0  startup_stm32f10x_hd.o(.text)
    SPI1_IRQHandler                          0x08000247   Thumb Code     0  startup_stm32f10x_hd.o(.text)
    SPI2_IRQHandler                          0x08000247   Thumb Code     0  startup_stm32f10x_hd.o(.text)
    SPI3_IRQHandler                          0x08000247   Thumb Code     0  startup_stm32f10x_hd.o(.text)
    TAMPER_IRQHandler                        0x08000247   Thumb Code     0  startup_stm32f10x_hd.o(.text)
    TIM1_BRK_IRQHandler                      0x08000247   Thumb Code     0  startup_stm32f10x_hd.o(.text)
    TIM1_CC_IRQHandler                       0x08000247   Thumb Code     0  startup_stm32f10x_hd.o(.text)
    TIM1_TRG_COM_IRQHandler                  0x08000247   Thumb Code     0  startup_stm32f10x_hd.o(.text)
    TIM1_UP_IRQHandler                       0x08000247   Thumb Code     0  startup_stm32f10x_hd.o(.text)
    TIM2_IRQHandler                          0x08000247   Thumb Code     0  startup_stm32f10x_hd.o(.text)
    TIM3_IRQHandler                          0x08000247   Thumb Code     0  startup_stm32f10x_hd.o(.text)
    TIM6_IRQHandler                          0x08000247   Thumb Code     0  startup_stm32f10x_hd.o(.text)
    TIM7_IRQHandler                          0x08000247   Thumb Code     0  startup_stm32f10x_hd.o(.text)
    TIM8_BRK_IRQHandler                      0x08000247   Thumb Code     0  startup_stm32f10x_hd.o(.text)
    TIM8_CC_IRQHandler                       0x08000247   Thumb Code     0  startup_stm32f10x_hd.o(.text)
    TIM8_TRG_COM_IRQHandler                  0x08000247   Thumb Code     0  startup_stm32f10x_hd.o(.text)
    TIM8_UP_IRQHandler                       0x08000247   Thumb Code     0  startup_stm32f10x_hd.o(.text)
    UART4_IRQHandler                         0x08000247   Thumb Code     0  startup_stm32f10x_hd.o(.text)
    UART5_IRQHandler                         0x08000247   Thumb Code     0  startup_stm32f10x_hd.o(.text)
    USART2_IRQHandler                        0x08000247   Thumb Code     0  startup_stm32f10x_hd.o(.text)
    USART3_IRQHandler                        0x08000247   Thumb Code     0  startup_stm32f10x_hd.o(.text)
    USBWakeUp_IRQHandler                     0x08000247   Thumb Code     0  startup_stm32f10x_hd.o(.text)
    USB_HP_CAN1_TX_IRQHandler                0x08000247   Thumb Code     0  startup_stm32f10x_hd.o(.text)
    USB_LP_CAN1_RX0_IRQHandler               0x08000247   Thumb Code     0  startup_stm32f10x_hd.o(.text)
    WWDG_IRQHandler                          0x08000247   Thumb Code     0  startup_stm32f10x_hd.o(.text)
    __user_initial_stackheap                 0x08000249   Thumb Code     0  startup_stm32f10x_hd.o(.text)
    __use_no_semihosting                     0x0800026d   Thumb Code     2  use_no_semi_2.o(.text)
    __2printf                                0x08000271   Thumb Code    20  noretval__2printf.o(.text)
    _printf_pre_padding                      0x08000289   Thumb Code    44  _printf_pad.o(.text)
    _printf_post_padding                     0x080002b5   Thumb Code    34  _printf_pad.o(.text)
    _printf_str                              0x080002d7   Thumb Code    82  _printf_str.o(.text)
    _printf_int_dec                          0x08000329   Thumb Code   104  _printf_dec.o(.text)
    _printf_int_hex                          0x080003a1   Thumb Code    84  _printf_hex_int.o(.text)
    _printf_longlong_hex                     0x080003a1   Thumb Code     0  _printf_hex_int.o(.text)
    __printf                                 0x080003f9   Thumb Code   388  __printf_flags_ss_wp.o(.text)
    strcmp                                   0x08000581   Thumb Code   128  strcmpv7m.o(.text)
    __use_two_region_memory                  0x08000601   Thumb Code     2  heapauxi.o(.text)
    __rt_heap_escrow$2region                 0x08000603   Thumb Code     2  heapauxi.o(.text)
    __rt_heap_expand$2region                 0x08000605   Thumb Code     2  heapauxi.o(.text)
    __I$use$semihosting                      0x08000607   Thumb Code     0  use_no_semi.o(.text)
    __use_no_semihosting_swi                 0x08000607   Thumb Code     2  use_no_semi.o(.text)
    __read_errno                             0x08000609   Thumb Code    10  _rserrno.o(.text)
    __set_errno                              0x08000613   Thumb Code    12  _rserrno.o(.text)
    _printf_int_common                       0x0800061f   Thumb Code   178  _printf_intcommon.o(.text)
    _printf_cs_common                        0x080006d1   Thumb Code    20  _printf_char.o(.text)
    _printf_char                             0x080006e5   Thumb Code    16  _printf_char.o(.text)
    _printf_string                           0x080006f5   Thumb Code     8  _printf_char.o(.text)
    _printf_char_file                        0x080006fd   Thumb Code    32  _printf_char_file.o(.text)
    __aeabi_errno_addr                       0x08000721   Thumb Code     8  rt_errno_addr_intlibspace.o(.text)
    __errno$intlibspace                      0x08000721   Thumb Code     0  rt_errno_addr_intlibspace.o(.text)
    __rt_errno_addr$intlibspace              0x08000721   Thumb Code     0  rt_errno_addr_intlibspace.o(.text)
    _printf_char_common                      0x08000733   Thumb Code    32  _printf_char_common.o(.text)
    ferror                                   0x08000759   Thumb Code     8  ferror.o(.text)
    __user_libspace                          0x08000761   Thumb Code     8  libspace.o(.text)
    __user_perproc_libspace                  0x08000761   Thumb Code     0  libspace.o(.text)
    __user_perthread_libspace                0x08000761   Thumb Code     0  libspace.o(.text)
    __user_setup_stackheap                   0x08000769   Thumb Code    74  sys_stackheap_outer.o(.text)
    exit                                     0x080007b3   Thumb Code    12  exit.o(.text)
    AT24CXX_Init                             0x080007bf   Thumb Code     8  24cxx.o(i.AT24CXX_Init)
    AT24CXX_ReadLenByte                      0x080007c7   Thumb Code    44  24cxx.o(i.AT24CXX_ReadLenByte)
    AT24CXX_ReadOneByte                      0x080007f3   Thumb Code    88  24cxx.o(i.AT24CXX_ReadOneByte)
    AT24CXX_WriteLenByte                     0x0800084b   Thumb Code    42  24cxx.o(i.AT24CXX_WriteLenByte)
    AT24CXX_WriteOneByte                     0x08000875   Thumb Code    80  24cxx.o(i.AT24CXX_WriteOneByte)
    Adc_Init                                 0x080008c5   Thumb Code   308  adc.o(i.Adc_Init)
    BKP_DeInit                               0x08000a09   Thumb Code    16  stm32f10x_bkp.o(i.BKP_DeInit)
    BKP_ReadBackupRegister                   0x08000a19   Thumb Code    24  stm32f10x_bkp.o(i.BKP_ReadBackupRegister)
    BKP_WriteBackupRegister                  0x08000a35   Thumb Code    22  stm32f10x_bkp.o(i.BKP_WriteBackupRegister)
    CT_Delay                                 0x08000a51   Thumb Code    10  ctiic.o(i.CT_Delay)
    CT_IIC_Ack                               0x08000a5d   Thumb Code    62  ctiic.o(i.CT_IIC_Ack)
    CT_IIC_Init                              0x08000aa9   Thumb Code    62  ctiic.o(i.CT_IIC_Init)
    CT_IIC_NAck                              0x08000af1   Thumb Code    62  ctiic.o(i.CT_IIC_NAck)
    CT_IIC_Read_Byte                         0x08000b3d   Thumb Code    92  ctiic.o(i.CT_IIC_Read_Byte)
    CT_IIC_Send_Byte                         0x08000ba5   Thumb Code    80  ctiic.o(i.CT_IIC_Send_Byte)
    CT_IIC_Start                             0x08000c01   Thumb Code    60  ctiic.o(i.CT_IIC_Start)
    CT_IIC_Stop                              0x08000c49   Thumb Code    60  ctiic.o(i.CT_IIC_Stop)
    CT_IIC_Wait_Ack                          0x08000c91   Thumb Code    86  ctiic.o(i.CT_IIC_Wait_Ack)
    Clock                                    0x08000cf5   Thumb Code   208  main.o(i.Clock)
    Digit                                    0x08000ddd   Thumb Code   330  main.o(i.Digit)
    FT5206_Init                              0x08000f4d   Thumb Code   214  ft5206.o(i.FT5206_Init)
    FT5206_RD_Reg                            0x0800103d   Thumb Code    88  ft5206.o(i.FT5206_RD_Reg)
    FT5206_Scan                              0x08001095   Thumb Code   400  ft5206.o(i.FT5206_Scan)
    FT5206_WR_Reg                            0x08001231   Thumb Code    82  ft5206.o(i.FT5206_WR_Reg)
    GPIO_Init                                0x08001283   Thumb Code   278  stm32f10x_gpio.o(i.GPIO_Init)
    GPIO_PinRemapConfig                      0x08001399   Thumb Code   138  stm32f10x_gpio.o(i.GPIO_PinRemapConfig)
    GPIO_ReadInputDataBit                    0x08001429   Thumb Code    18  stm32f10x_gpio.o(i.GPIO_ReadInputDataBit)
    GPIO_ResetBits                           0x0800143b   Thumb Code     4  stm32f10x_gpio.o(i.GPIO_ResetBits)
    GPIO_SetBits                             0x0800143f   Thumb Code     4  stm32f10x_gpio.o(i.GPIO_SetBits)
    GT9147_Init                              0x08001445   Thumb Code   242  gt9147.o(i.GT9147_Init)
    GT9147_RD_Reg                            0x0800156d   Thumb Code    98  gt9147.o(i.GT9147_RD_Reg)
    GT9147_Scan                              0x080015d1   Thumb Code   408  gt9147.o(i.GT9147_Scan)
    GT9147_Send_Cfg                          0x08001775   Thumb Code    86  gt9147.o(i.GT9147_Send_Cfg)
    GT9147_WR_Reg                            0x080017d1   Thumb Code    92  gt9147.o(i.GT9147_WR_Reg)
    Get_Adc                                  0x0800182d   Thumb Code    64  adc.o(i.Get_Adc)
    Get_Adc_Average                          0x08001871   Thumb Code    46  adc.o(i.Get_Adc_Average)
    IIC_Ack                                  0x080018a1   Thumb Code    66  myiic.o(i.IIC_Ack)
    IIC_Init                                 0x080018f1   Thumb Code    52  myiic.o(i.IIC_Init)
    IIC_NAck                                 0x08001931   Thumb Code    66  myiic.o(i.IIC_NAck)
    IIC_Read_Byte                            0x08001981   Thumb Code    98  myiic.o(i.IIC_Read_Byte)
    IIC_Send_Byte                            0x080019f1   Thumb Code    90  myiic.o(i.IIC_Send_Byte)
    IIC_Start                                0x08001a59   Thumb Code    64  myiic.o(i.IIC_Start)
    IIC_Stop                                 0x08001aa5   Thumb Code    62  myiic.o(i.IIC_Stop)
    IIC_Wait_Ack                             0x08001af1   Thumb Code    86  myiic.o(i.IIC_Wait_Ack)
    Is_Leap_Year                             0x08001b55   Thumb Code    58  rtc.o(i.Is_Leap_Year)
    KEY_Init                                 0x08001b91   Thumb Code    82  key.o(i.KEY_Init)
    KEY_Scan                                 0x08001bf1   Thumb Code   154  key.o(i.KEY_Scan)
    LCD_Clear                                0x08001c99   Thumb Code   122  lcd.o(i.LCD_Clear)
    LCD_Color_Fill                           0x08001d21   Thumb Code   112  lcd.o(i.LCD_Color_Fill)
    LCD_Display_Dir                          0x08001d99   Thumb Code   444  lcd.o(i.LCD_Display_Dir)
    LCD_DrawLine                             0x08001f59   Thumb Code   176  lcd.o(i.LCD_DrawLine)
    LCD_DrawPoint                            0x08002009   Thumb Code    52  lcd.o(i.LCD_DrawPoint)
    LCD_Draw_Circle                          0x08002049   Thumb Code   378  lcd.o(i.LCD_Draw_Circle)
    LCD_Fast_DrawPoint                       0x080021c5   Thumb Code   854  lcd.o(i.LCD_Fast_DrawPoint)
    LCD_Fill                                 0x08002529   Thumb Code   200  lcd.o(i.LCD_Fill)
    LCD_Init                                 0x080025fd   Thumb Code 15292  lcd.o(i.LCD_Init)
    LCD_Pow                                  0x080061b9   Thumb Code    22  lcd.o(i.LCD_Pow)
    LCD_RD_DATA                              0x080061d1   Thumb Code    98  lcd.o(i.LCD_RD_DATA)
    LCD_ReadReg                              0x08006241   Thumb Code    16  lcd.o(i.LCD_ReadReg)
    LCD_SSD_BackLightSet                     0x08006251   Thumb Code   198  lcd.o(i.LCD_SSD_BackLightSet)
    LCD_Scan_Dir                             0x08006325   Thumb Code  1112  lcd.o(i.LCD_Scan_Dir)
    LCD_SetCursor                            0x0800677d   Thumb Code   944  lcd.o(i.LCD_SetCursor)
    LCD_ShowChar                             0x08006b39   Thumb Code   272  lcd.o(i.LCD_ShowChar)
    LCD_ShowNum                              0x08006c61   Thumb Code   148  lcd.o(i.LCD_ShowNum)
    LCD_ShowString                           0x08006cf5   Thumb Code   102  lcd.o(i.LCD_ShowString)
    LCD_ShowxNum                             0x08006d5b   Thumb Code   190  lcd.o(i.LCD_ShowxNum)
    LCD_WR_DATAX                             0x08006e19   Thumb Code    28  lcd.o(i.LCD_WR_DATAX)
    LCD_WR_REG                               0x08006e3d   Thumb Code    28  lcd.o(i.LCD_WR_REG)
    LCD_WriteRAM_Prepare                     0x08006e61   Thumb Code    12  lcd.o(i.LCD_WriteRAM_Prepare)
    LCD_WriteReg                             0x08006e71   Thumb Code    40  lcd.o(i.LCD_WriteReg)
    LED_Init                                 0x08006ea1   Thumb Code    72  led.o(i.LED_Init)
    Load_Draw_Dialog                         0x08006ef1   Thumb Code    96  main.o(i.Load_Draw_Dialog)
    NVIC_Init                                0x08006f6d   Thumb Code   100  misc.o(i.NVIC_Init)
    NVIC_PriorityGroupConfig                 0x08006fdd   Thumb Code    10  misc.o(i.NVIC_PriorityGroupConfig)
    OTT2001A_Init                            0x08006ff1   Thumb Code   156  ott2001a.o(i.OTT2001A_Init)
    OTT2001A_RD_Reg                          0x080070a5   Thumb Code    98  ott2001a.o(i.OTT2001A_RD_Reg)
    OTT2001A_Scan                            0x08007109   Thumb Code   446  ott2001a.o(i.OTT2001A_Scan)
    OTT2001A_SensorControl                   0x080072e9   Thumb Code    28  ott2001a.o(i.OTT2001A_SensorControl)
    OTT2001A_WR_Reg                          0x08007305   Thumb Code    92  ott2001a.o(i.OTT2001A_WR_Reg)
    PWR_BackupAccessCmd                      0x08007361   Thumb Code     6  stm32f10x_pwr.o(i.PWR_BackupAccessCmd)
    Pointer                                  0x0800736d   Thumb Code   592  main.o(i.Pointer)
    RCC_APB1PeriphClockCmd                   0x080075e1   Thumb Code    26  stm32f10x_rcc.o(i.RCC_APB1PeriphClockCmd)
    RCC_APB2PeriphClockCmd                   0x08007601   Thumb Code    26  stm32f10x_rcc.o(i.RCC_APB2PeriphClockCmd)
    RCC_BackupResetCmd                       0x08007621   Thumb Code     6  stm32f10x_rcc.o(i.RCC_BackupResetCmd)
    RCC_GetClocksFreq                        0x0800762d   Thumb Code   192  stm32f10x_rcc.o(i.RCC_GetClocksFreq)
    RCC_GetFlagStatus                        0x08007701   Thumb Code    56  stm32f10x_rcc.o(i.RCC_GetFlagStatus)
    RCC_LSEConfig                            0x0800773d   Thumb Code    46  stm32f10x_rcc.o(i.RCC_LSEConfig)
    RCC_RTCCLKCmd                            0x08007771   Thumb Code     6  stm32f10x_rcc.o(i.RCC_RTCCLKCmd)
    RCC_RTCCLKConfig                         0x0800777d   Thumb Code    12  stm32f10x_rcc.o(i.RCC_RTCCLKConfig)
    RTC_ClearITPendingBit                    0x0800778d   Thumb Code    12  stm32f10x_rtc.o(i.RTC_ClearITPendingBit)
    RTC_CountDown                            0x0800779d   Thumb Code    60  rtc.o(i.RTC_CountDown)
    RTC_EnterConfigMode                      0x080077e1   Thumb Code    14  stm32f10x_rtc.o(i.RTC_EnterConfigMode)
    RTC_ExitConfigMode                       0x080077f5   Thumb Code    16  stm32f10x_rtc.o(i.RTC_ExitConfigMode)
    RTC_Get                                  0x08007809   Thumb Code   240  rtc.o(i.RTC_Get)
    RTC_GetCounter                           0x08007909   Thumb Code    16  stm32f10x_rtc.o(i.RTC_GetCounter)
    RTC_GetITStatus                          0x0800791d   Thumb Code    32  stm32f10x_rtc.o(i.RTC_GetITStatus)
    RTC_Get_Week                             0x08007941   Thumb Code   116  rtc.o(i.RTC_Get_Week)
    RTC_IRQHandler                           0x080079b9   Thumb Code    56  rtc.o(i.RTC_IRQHandler)
    RTC_ITConfig                             0x080079f9   Thumb Code    26  stm32f10x_rtc.o(i.RTC_ITConfig)
    RTC_Init                                 0x08007a19   Thumb Code   190  rtc.o(i.RTC_Init)
    RTC_Set                                  0x08007af9   Thumb Code   184  rtc.o(i.RTC_Set)
    RTC_SetCounter                           0x08007bc1   Thumb Code    24  stm32f10x_rtc.o(i.RTC_SetCounter)
    RTC_SetPrescaler                         0x08007bdd   Thumb Code    26  stm32f10x_rtc.o(i.RTC_SetPrescaler)
    RTC_WaitForLastTask                      0x08007bfd   Thumb Code    16  stm32f10x_rtc.o(i.RTC_WaitForLastTask)
    RTC_WaitForSynchro                       0x08007c11   Thumb Code    30  stm32f10x_rtc.o(i.RTC_WaitForSynchro)
    Remote_Init                              0x08007c35   Thumb Code   176  remote.o(i.Remote_Init)
    SysTick_CLKSourceConfig                  0x08007dd5   Thumb Code    40  misc.o(i.SysTick_CLKSourceConfig)
    SystemInit                               0x08007dfd   Thumb Code    78  system_stm32f10x.o(i.SystemInit)
    TIM4_IRQHandler                          0x0800809d   Thumb Code    50  usmart.o(i.TIM4_IRQHandler)
    TIM5_IRQHandler                          0x080080d9   Thumb Code   384  remote.o(i.TIM5_IRQHandler)
    TIM_ClearFlag                            0x08008271   Thumb Code     6  stm32f10x_tim.o(i.TIM_ClearFlag)
    TIM_Cmd                                  0x08008277   Thumb Code    24  stm32f10x_tim.o(i.TIM_Cmd)
    TIM_GetCapture2                          0x0800828f   Thumb Code     6  stm32f10x_tim.o(i.TIM_GetCapture2)
    TIM_GetITStatus                          0x08008295   Thumb Code    34  stm32f10x_tim.o(i.TIM_GetITStatus)
    TIM_ICInit                               0x080082b9   Thumb Code   150  stm32f10x_tim.o(i.TIM_ICInit)
    TIM_ITConfig                             0x08008365   Thumb Code    18  stm32f10x_tim.o(i.TIM_ITConfig)
    TIM_OC2PolarityConfig                    0x08008377   Thumb Code    26  stm32f10x_tim.o(i.TIM_OC2PolarityConfig)
    TIM_SetCounter                           0x08008391   Thumb Code     4  stm32f10x_tim.o(i.TIM_SetCounter)
    TIM_SetIC1Prescaler                      0x08008395   Thumb Code    18  stm32f10x_tim.o(i.TIM_SetIC1Prescaler)
    TIM_SetIC2Prescaler                      0x080083a7   Thumb Code    26  stm32f10x_tim.o(i.TIM_SetIC2Prescaler)
    TIM_SetIC3Prescaler                      0x080083c1   Thumb Code    18  stm32f10x_tim.o(i.TIM_SetIC3Prescaler)
    TIM_SetIC4Prescaler                      0x080083d3   Thumb Code    26  stm32f10x_tim.o(i.TIM_SetIC4Prescaler)
    TIM_TimeBaseInit                         0x080083ed   Thumb Code   122  stm32f10x_tim.o(i.TIM_TimeBaseInit)
    TP_Adj_Info_Show                         0x08008491   Thumb Code   376  touch.o(i.TP_Adj_Info_Show)
    TP_Adjust                                0x08008639   Thumb Code  1234  touch.o(i.TP_Adjust)
    TP_Draw_Touch_Point                      0x08008b39   Thumb Code   108  touch.o(i.TP_Draw_Touch_Point)
    TP_Get_Adjdata                           0x08008ba9   Thumb Code   152  touch.o(i.TP_Get_Adjdata)
    TP_Init                                  0x08008c51   Thumb Code   248  touch.o(i.TP_Init)
    TP_Read_AD                               0x08008d61   Thumb Code   126  touch.o(i.TP_Read_AD)
    TP_Read_XOY                              0x08008de9   Thumb Code   120  touch.o(i.TP_Read_XOY)
    TP_Read_XY                               0x08008e61   Thumb Code    38  touch.o(i.TP_Read_XY)
    TP_Read_XY2                              0x08008e91   Thumb Code   192  touch.o(i.TP_Read_XY2)
    TP_Save_Adjdata                          0x08008f51   Thumb Code   110  touch.o(i.TP_Save_Adjdata)
    TP_Scan                                  0x08008fc9   Thumb Code   262  touch.o(i.TP_Scan)
    TP_Write_Byte                            0x080090d9   Thumb Code    56  touch.o(i.TP_Write_Byte)
    Timer4_Init                              0x08009119   Thumb Code    88  usmart.o(i.Timer4_Init)
    USART1_IRQHandler                        0x08009175   Thumb Code   122  usart.o(i.USART1_IRQHandler)
    USART_Cmd                                0x080091fd   Thumb Code    24  stm32f10x_usart.o(i.USART_Cmd)
    USART_GetITStatus                        0x08009215   Thumb Code    84  stm32f10x_usart.o(i.USART_GetITStatus)
    USART_ITConfig                           0x08009269   Thumb Code    74  stm32f10x_usart.o(i.USART_ITConfig)
    USART_Init                               0x080092b5   Thumb Code   210  stm32f10x_usart.o(i.USART_Init)
    USART_ReceiveData                        0x0800938d   Thumb Code    10  stm32f10x_usart.o(i.USART_ReceiveData)
    __ARM_fpclassify                         0x08009397   Thumb Code    40  fpclassify.o(i.__ARM_fpclassify)
    __ieee754_rem_pio2                       0x080093c1   Thumb Code   828  rred.o(i.__ieee754_rem_pio2)
    __kernel_cos                             0x08009749   Thumb Code   230  cos_i.o(i.__kernel_cos)
    __kernel_poly                            0x08009845   Thumb Code   170  poly.o(i.__kernel_poly)
    __kernel_sin                             0x080098f1   Thumb Code   224  sin_i.o(i.__kernel_sin)
    __mathlib_dbl_infnan                     0x080099dd   Thumb Code     6  dunder.o(i.__mathlib_dbl_infnan)
    __mathlib_dbl_invalid                    0x080099e3   Thumb Code    12  dunder.o(i.__mathlib_dbl_invalid)
    __mathlib_dbl_underflow                  0x080099f1   Thumb Code    10  dunder.o(i.__mathlib_dbl_underflow)
    _is_digit                                0x08009a01   Thumb Code    14  __printf_wp.o(i._is_digit)
    _sys_exit                                0x08009a0f   Thumb Code     4  usart.o(i._sys_exit)
    add_alarm                                0x08009a15   Thumb Code    80  rtc.o(i.add_alarm)
    add_timer                                0x08009a81   Thumb Code    72  rtc.o(i.add_timer)
    checkAlarm                               0x08009ae5   Thumb Code   112  main.o(i.checkAlarm)
    cos                                      0x08009b65   Thumb Code   148  cos.o(i.cos)
    ctp_test                                 0x08009c01   Thumb Code   276  main.o(i.ctp_test)
    del_alarm                                0x08009d25   Thumb Code   110  rtc.o(i.del_alarm)
    del_timer                                0x08009db5   Thumb Code    98  rtc.o(i.del_timer)
    delay_init                               0x08009e39   Thumb Code    50  delay.o(i.delay_init)
    delay_ms                                 0x08009e7d   Thumb Code    72  delay.o(i.delay_ms)
    delay_us                                 0x08009ec9   Thumb Code    72  delay.o(i.delay_us)
    down_button                              0x08009f15   Thumb Code    58  main.o(i.down_button)
    edit                                     0x08009f51   Thumb Code  1138  main.o(i.edit)
    edit_alarm                               0x0800a3c5   Thumb Code    62  rtc.o(i.edit_alarm)
    edit_timer                               0x0800a425   Thumb Code    56  rtc.o(i.edit_timer)
    fputc                                    0x0800a47d   Thumb Code    24  usart.o(i.fputc)
    function1                                0x0800a499   Thumb Code   242  main.o(i.function1)
    function2                                0x0800a5a5   Thumb Code   570  main.o(i.function2)
    function3                                0x0800a821   Thumb Code   334  main.o(i.function3)
    gui_draw_hline                           0x0800a99d   Thumb Code    36  main.o(i.gui_draw_hline)
    gui_fill_circle                          0x0800a9c1   Thumb Code   176  main.o(i.gui_fill_circle)
    lcd_draw_bline                           0x0800aa71   Thumb Code   212  main.o(i.lcd_draw_bline)
    left_button                              0x0800ab45   Thumb Code    58  main.o(i.left_button)
    left_right                               0x0800ab7f   Thumb Code   108  main.o(i.left_right)
    main                                     0x0800abed   Thumb Code   270  main.o(i.main)
    printWeek                                0x0800ad51   Thumb Code   172  main.o(i.printWeek)
    read_addr                                0x0800ae55   Thumb Code     6  usmart.o(i.read_addr)
    right_button                             0x0800ae5b   Thumb Code    58  main.o(i.right_button)
    rtp_test                                 0x0800ae95   Thumb Code  1480  main.o(i.rtp_test)
    select_button1                           0x0800b481   Thumb Code    36  main.o(i.select_button1)
    select_button2                           0x0800b4b1   Thumb Code    36  main.o(i.select_button2)
    select_button3                           0x0800b4e1   Thumb Code    36  main.o(i.select_button3)
    select_edit                              0x0800b511   Thumb Code   358  main.o(i.select_edit)
    show_time                                0x0800b67d   Thumb Code   100  main.o(i.show_time)
    sin                                      0x0800b6ed   Thumb Code   150  sin.o(i.sin)
    sqrt                                     0x0800b78d   Thumb Code    76  sqrt.o(i.sqrt)
    test1                                    0x0800b7d9   Thumb Code    58  main.o(i.test1)
    test2                                    0x0800b813   Thumb Code    58  main.o(i.test2)
    test3                                    0x0800b84d   Thumb Code    88  main.o(i.test3)
    test4                                    0x0800b8a5   Thumb Code    72  main.o(i.test4)
    test5                                    0x0800b8ed   Thumb Code    72  main.o(i.test5)
    test6                                    0x0800b935   Thumb Code   498  main.o(i.test6)
    test7                                    0x0800bb27   Thumb Code    60  main.o(i.test7)
    test8                                    0x0800bb63   Thumb Code    40  main.o(i.test8)
    uart_init                                0x0800bb8d   Thumb Code   152  usart.o(i.uart_init)
    up_button                                0x0800bc2d   Thumb Code    58  main.o(i.up_button)
    up_down                                  0x0800bc67   Thumb Code   108  main.o(i.up_down)
    usmart_cmd_rec                           0x0800bcd5   Thumb Code   170  usmart.o(i.usmart_cmd_rec)
    usmart_exe                               0x0800bd85   Thumb Code   634  usmart.o(i.usmart_exe)
    usmart_get_aparm                         0x0800c05d   Thumb Code   200  usmart_str.o(i.usmart_get_aparm)
    usmart_get_cmdname                       0x0800c125   Thumb Code    54  usmart_str.o(i.usmart_get_cmdname)
    usmart_get_fname                         0x0800c15d   Thumb Code   440  usmart_str.o(i.usmart_get_fname)
    usmart_get_fparam                        0x0800c31d   Thumb Code   262  usmart_str.o(i.usmart_get_fparam)
    usmart_get_parmpos                       0x0800c429   Thumb Code    26  usmart_str.o(i.usmart_get_parmpos)
    usmart_get_runtime                       0x0800c449   Thumb Code    56  usmart.o(i.usmart_get_runtime)
    usmart_init                              0x0800c489   Thumb Code    36  usmart.o(i.usmart_init)
    usmart_pow                               0x0800c4b1   Thumb Code    22  usmart_str.o(i.usmart_pow)
    usmart_reset_runtime                     0x0800c4c9   Thumb Code    38  usmart.o(i.usmart_reset_runtime)
    usmart_scan                              0x0800c4f9   Thumb Code   120  usmart.o(i.usmart_scan)
    usmart_search_nextc                      0x0800c5b5   Thumb Code    22  usmart_str.o(i.usmart_search_nextc)
    usmart_str2num                           0x0800c5cb   Thumb Code   202  usmart_str.o(i.usmart_str2num)
    usmart_strcmp                            0x0800c695   Thumb Code    34  usmart_str.o(i.usmart_strcmp)
    usmart_strcopy                           0x0800c6b7   Thumb Code    22  usmart_str.o(i.usmart_strcopy)
    usmart_strlen                            0x0800c6cd   Thumb Code    24  usmart_str.o(i.usmart_strlen)
    usmart_sys_cmd_exe                       0x0800c6e5   Thumb Code  1554  usmart.o(i.usmart_sys_cmd_exe)
    write_addr                               0x0800cdc9   Thumb Code     4  usmart.o(i.write_addr)
    __aeabi_d2f                              0x0800cdcd   Thumb Code     0  d2f.o(x$fpl$d2f)
    _d2f                                     0x0800cdcd   Thumb Code    98  d2f.o(x$fpl$d2f)
    __aeabi_dadd                             0x0800ce31   Thumb Code     0  daddsub_clz.o(x$fpl$dadd)
    _dadd                                    0x0800ce31   Thumb Code   332  daddsub_clz.o(x$fpl$dadd)
    __fpl_dcheck_NaN1                        0x0800cf81   Thumb Code    10  dcheck1.o(x$fpl$dcheck1)
    __fpl_dcmp_Inf                           0x0800cf91   Thumb Code    24  dcmpi.o(x$fpl$dcmpinf)
    __aeabi_ddiv                             0x0800cfa9   Thumb Code     0  ddiv.o(x$fpl$ddiv)
    _ddiv                                    0x0800cfa9   Thumb Code   552  ddiv.o(x$fpl$ddiv)
    __aeabi_d2iz                             0x0800d259   Thumb Code     0  dfix.o(x$fpl$dfix)
    _dfix                                    0x0800d259   Thumb Code    94  dfix.o(x$fpl$dfix)
    __aeabi_d2uiz                            0x0800d2b9   Thumb Code     0  dfixu.o(x$fpl$dfixu)
    _dfixu                                   0x0800d2b9   Thumb Code    90  dfixu.o(x$fpl$dfixu)
    __aeabi_i2d                              0x0800d313   Thumb Code     0  dflt_clz.o(x$fpl$dflt)
    _dflt                                    0x0800d313   Thumb Code    46  dflt_clz.o(x$fpl$dflt)
    __aeabi_ui2d                             0x0800d341   Thumb Code     0  dflt_clz.o(x$fpl$dfltu)
    _dfltu                                   0x0800d341   Thumb Code    38  dflt_clz.o(x$fpl$dfltu)
    __aeabi_cdcmple                          0x0800d369   Thumb Code     0  dleqf.o(x$fpl$dleqf)
    _dcmple                                  0x0800d369   Thumb Code   120  dleqf.o(x$fpl$dleqf)
    __fpl_dcmple_InfNaN                      0x0800d3cb   Thumb Code     0  dleqf.o(x$fpl$dleqf)
    __aeabi_dmul                             0x0800d3e1   Thumb Code     0  dmul.o(x$fpl$dmul)
    _dmul                                    0x0800d3e1   Thumb Code   332  dmul.o(x$fpl$dmul)
    __fpl_dnaninf                            0x0800d535   Thumb Code   156  dnaninf.o(x$fpl$dnaninf)
    __fpl_dretinf                            0x0800d5d1   Thumb Code    12  dretinf.o(x$fpl$dretinf)
    __aeabi_cdrcmple                         0x0800d5dd   Thumb Code     0  drleqf.o(x$fpl$drleqf)
    _drcmple                                 0x0800d5dd   Thumb Code   108  drleqf.o(x$fpl$drleqf)
    __aeabi_drsub                            0x0800d649   Thumb Code     0  daddsub_clz.o(x$fpl$drsb)
    _drsb                                    0x0800d649   Thumb Code    22  daddsub_clz.o(x$fpl$drsb)
    _dsqrt                                   0x0800d661   Thumb Code   456  dsqrt_noumaal.o(x$fpl$dsqrt)
    __aeabi_dsub                             0x0800d82d   Thumb Code     0  daddsub_clz.o(x$fpl$dsub)
    _dsub                                    0x0800d82d   Thumb Code   464  daddsub_clz.o(x$fpl$dsub)
    __aeabi_f2d                              0x0800da01   Thumb Code     0  f2d.o(x$fpl$f2d)
    _f2d                                     0x0800da01   Thumb Code    86  f2d.o(x$fpl$f2d)
    __aeabi_fadd                             0x0800da59   Thumb Code     0  faddsub_clz.o(x$fpl$fadd)
    _fadd                                    0x0800da59   Thumb Code   196  faddsub_clz.o(x$fpl$fadd)
    __aeabi_fdiv                             0x0800db1d   Thumb Code     0  fdiv.o(x$fpl$fdiv)
    _fdiv                                    0x0800db1d   Thumb Code   384  fdiv.o(x$fpl$fdiv)
    __aeabi_f2iz                             0x0800dca1   Thumb Code     0  ffix.o(x$fpl$ffix)
    _ffix                                    0x0800dca1   Thumb Code    54  ffix.o(x$fpl$ffix)
    __aeabi_f2uiz                            0x0800dcd9   Thumb Code     0  ffixu.o(x$fpl$ffixu)
    _ffixu                                   0x0800dcd9   Thumb Code    62  ffixu.o(x$fpl$ffixu)
    __aeabi_i2f                              0x0800dd19   Thumb Code     0  fflt_clz.o(x$fpl$fflt)
    _fflt                                    0x0800dd19   Thumb Code    48  fflt_clz.o(x$fpl$fflt)
    __aeabi_ui2f                             0x0800dd49   Thumb Code     0  fflt_clz.o(x$fpl$ffltu)
    _ffltu                                   0x0800dd49   Thumb Code    38  fflt_clz.o(x$fpl$ffltu)
    __aeabi_fmul                             0x0800dd71   Thumb Code     0  fmul.o(x$fpl$fmul)
    _fmul                                    0x0800dd71   Thumb Code   258  fmul.o(x$fpl$fmul)
    __fpl_fnaninf                            0x0800de73   Thumb Code   140  fnaninf.o(x$fpl$fnaninf)
    __fpl_fretinf                            0x0800deff   Thumb Code    10  fretinf.o(x$fpl$fretinf)
    __aeabi_frsub                            0x0800df09   Thumb Code     0  faddsub_clz.o(x$fpl$frsb)
    _frsb                                    0x0800df09   Thumb Code    20  faddsub_clz.o(x$fpl$frsb)
    __aeabi_fsub                             0x0800df1d   Thumb Code     0  faddsub_clz.o(x$fpl$fsub)
    _fsub                                    0x0800df1d   Thumb Code   234  faddsub_clz.o(x$fpl$fsub)
    __fpl_return_NaN                         0x0800e007   Thumb Code   100  retnan.o(x$fpl$retnan)
    __ARM_scalbn                             0x0800e06b   Thumb Code    92  scalbn.o(x$fpl$scalbn)
    __fpl_cmpreturn                          0x0800e0c7   Thumb Code    48  trapv.o(x$fpl$trapveneer)
    __I$use$fp                               0x0800e0f6   Number         0  usenofp.o(x$fpl$usenofp)
    asc2_1206                                0x0800e0f6   Data        1140  lcd.o(.constdata)
    asc2_1608                                0x0800e56a   Data        1520  lcd.o(.constdata)
    asc2_2412                                0x0800eb5a   Data        3420  lcd.o(.constdata)
    FT5206_TPX_TBL                           0x0800f8b6   Data          10  ft5206.o(.constdata)
    GT9147_CFG_TBL                           0x0800f8c0   Data         184  gt9147.o(.constdata)
    GT9147_TPX_TBL                           0x0800f978   Data          10  gt9147.o(.constdata)
    OTT_TPX_TBL                              0x0800f982   Data          10  ott2001a.o(.constdata)
    TP_ADJDIS_TBL                            0x0800f98c   Data          12  touch.o(.constdata)
    table_week                               0x0800f998   Data          12  rtc.o(.constdata)
    mon_table                                0x0800f9a4   Data          12  rtc.o(.constdata)
    POINT_COLOR_TBL                          0x0800f9b0   Data          10  main.o(.constdata)
    Region$$Table$$Base                      0x0800fd6c   Number         0  anon$$obj.o(Region$$Table)
    Region$$Table$$Limit                     0x0800fd8c   Number         0  anon$$obj.o(Region$$Table)
    POINT_COLOR                              0x20000002   Data           2  lcd.o(.data)
    BACK_COLOR                               0x20000004   Data           2  lcd.o(.data)
    tp_dev                                   0x2000000c   Data          52  touch.o(.data)
    CMD_RDX                                  0x20000040   Data           1  touch.o(.data)
    CMD_RDY                                  0x20000041   Data           1  touch.o(.data)
    TP_REMIND_MSG_TBL                        0x20000044   Data           4  touch.o(.data)
    CountDown                                0x20000048   Data           4  rtc.o(.data)
    flag                                     0x2000004c   Data           4  rtc.o(.data)
    sys_cmd_tab                              0x20000054   Data          28  usmart.o(.data)
    usmart_nametab                           0x20000070   Data          96  usmart_config.o(.data)
    usmart_dev                               0x200000d0   Data         244  usmart_config.o(.data)
    RmtSta                                   0x200001c4   Data           1  remote.o(.data)
    Dval                                     0x200001c6   Data           2  remote.o(.data)
    RmtRec                                   0x200001c8   Data           4  remote.o(.data)
    RmtCnt                                   0x200001cc   Data           1  remote.o(.data)
    __stdout                                 0x200001d4   Data           4  usart.o(.data)
    USART_RX_STA                             0x200001d8   Data           2  usart.o(.data)
    timers                                   0x200001dc   Data          33  main.o(.data)
    alarms                                   0x200001fd   Data          44  main.o(.data)
    timer_counter                            0x2000022c   Data           4  main.o(.data)
    time_counter                             0x20000230   Data           4  main.o(.data)
    alarm_counter                            0x20000234   Data           4  main.o(.data)
    timer_flag                               0x20000238   Data           4  main.o(.data)
    alarm_flag                               0x2000023c   Data           4  main.o(.data)
    t_size                                   0x20000240   Data           4  main.o(.data)
    a_size                                   0x20000244   Data           4  main.o(.data)
    z_size                                   0x20000248   Data           4  main.o(.data)
    adcx                                     0x2000024c   Data           2  main.o(.data)
    temp                                     0x20000250   Data           4  main.o(.data)
    temperate                                0x20000254   Data           4  main.o(.data)
    fahrenheit                               0x20000258   Data           4  main.o(.data)
    SystemCoreClock                          0x20000270   Data           4  system_stm32f10x.o(.data)
    AHBPrescTable                            0x20000274   Data          16  system_stm32f10x.o(.data)
    lcddev                                   0x20000284   Data          14  lcd.o(.bss)
    calendar                                 0x20000292   Data          10  rtc.o(.bss)
    USART_RX_BUF                             0x2000029c   Data         200  usart.o(.bss)
    __libspace_start                         0x20000364   Data          96  libspace.o(.bss)
    __temporary_stack_top$libspace           0x200003c4   Data           0  libspace.o(.bss)



==============================================================================

Memory Map of the image

  Image Entry point : 0x08000131

  Load Region LR_IROM1 (Base: 0x08000000, Size: 0x00010010, Max: 0x00040000, ABSOLUTE, COMPRESSED[0x0000fe54])

    Execution Region ER_IROM1 (Base: 0x08000000, Size: 0x0000fd8c, Max: 0x00040000, ABSOLUTE)

    Base Addr    Size         Type   Attr      Idx    E Section Name        Object

    0x08000000   0x00000130   Data   RO         3373    RESET               startup_stm32f10x_hd.o
    0x08000130   0x00000008   Code   RO         3491  * !!!main             c_w.l(__main.o)
    0x08000138   0x00000034   Code   RO         3806    !!!scatter          c_w.l(__scatter.o)
    0x0800016c   0x0000005a   Code   RO         3804    !!dczerorl2         c_w.l(__dczerorl2.o)
    0x080001c6   0x00000002   PAD
    0x080001c8   0x0000001c   Code   RO         3808    !!handler_zi        c_w.l(__scatter_zi.o)
    0x080001e4   0x00000000   Code   RO         3486    .ARM.Collect$$_printf_percent$$00000000  c_w.l(_printf_percent.o)
    0x080001e4   0x00000006   Code   RO         3484    .ARM.Collect$$_printf_percent$$00000009  c_w.l(_printf_d.o)
    0x080001ea   0x00000006   Code   RO         3485    .ARM.Collect$$_printf_percent$$0000000A  c_w.l(_printf_u.o)
    0x080001f0   0x00000006   Code   RO         3483    .ARM.Collect$$_printf_percent$$0000000C  c_w.l(_printf_x.o)
    0x080001f6   0x00000006   Code   RO         3481    .ARM.Collect$$_printf_percent$$00000013  c_w.l(_printf_c.o)
    0x080001fc   0x00000006   Code   RO         3482    .ARM.Collect$$_printf_percent$$00000014  c_w.l(_printf_s.o)
    0x08000202   0x00000004   Code   RO         3588    .ARM.Collect$$_printf_percent$$00000017  c_w.l(_printf_percent_end.o)
    0x08000206   0x00000002   Code   RO         3676    .ARM.Collect$$libinit$$00000000  c_w.l(libinit.o)
    0x08000208   0x00000000   Code   RO         3682    .ARM.Collect$$libinit$$00000002  c_w.l(libinit2.o)
    0x08000208   0x00000000   Code   RO         3684    .ARM.Collect$$libinit$$00000004  c_w.l(libinit2.o)
    0x08000208   0x00000000   Code   RO         3687    .ARM.Collect$$libinit$$0000000A  c_w.l(libinit2.o)
    0x08000208   0x00000000   Code   RO         3689    .ARM.Collect$$libinit$$0000000C  c_w.l(libinit2.o)
    0x08000208   0x00000000   Code   RO         3691    .ARM.Collect$$libinit$$0000000E  c_w.l(libinit2.o)
    0x08000208   0x00000000   Code   RO         3694    .ARM.Collect$$libinit$$00000011  c_w.l(libinit2.o)
    0x08000208   0x00000000   Code   RO         3696    .ARM.Collect$$libinit$$00000013  c_w.l(libinit2.o)
    0x08000208   0x00000000   Code   RO         3698    .ARM.Collect$$libinit$$00000015  c_w.l(libinit2.o)
    0x08000208   0x00000000   Code   RO         3700    .ARM.Collect$$libinit$$00000017  c_w.l(libinit2.o)
    0x08000208   0x00000000   Code   RO         3702    .ARM.Collect$$libinit$$00000019  c_w.l(libinit2.o)
    0x08000208   0x00000000   Code   RO         3704    .ARM.Collect$$libinit$$0000001B  c_w.l(libinit2.o)
    0x08000208   0x00000000   Code   RO         3706    .ARM.Collect$$libinit$$0000001D  c_w.l(libinit2.o)
    0x08000208   0x00000000   Code   RO         3708    .ARM.Collect$$libinit$$0000001F  c_w.l(libinit2.o)
    0x08000208   0x00000000   Code   RO         3710    .ARM.Collect$$libinit$$00000021  c_w.l(libinit2.o)
    0x08000208   0x00000000   Code   RO         3712    .ARM.Collect$$libinit$$00000023  c_w.l(libinit2.o)
    0x08000208   0x00000000   Code   RO         3714    .ARM.Collect$$libinit$$00000025  c_w.l(libinit2.o)
    0x08000208   0x00000000   Code   RO         3718    .ARM.Collect$$libinit$$0000002C  c_w.l(libinit2.o)
    0x08000208   0x00000000   Code   RO         3720    .ARM.Collect$$libinit$$0000002E  c_w.l(libinit2.o)
    0x08000208   0x00000000   Code   RO         3722    .ARM.Collect$$libinit$$00000030  c_w.l(libinit2.o)
    0x08000208   0x00000000   Code   RO         3724    .ARM.Collect$$libinit$$00000032  c_w.l(libinit2.o)
    0x08000208   0x00000002   Code   RO         3725    .ARM.Collect$$libinit$$00000033  c_w.l(libinit2.o)
    0x0800020a   0x00000002   Code   RO         3747    .ARM.Collect$$libshutdown$$00000000  c_w.l(libshutdown.o)
    0x0800020c   0x00000000   Code   RO         3758    .ARM.Collect$$libshutdown$$00000003  c_w.l(libshutdown2.o)
    0x0800020c   0x00000000   Code   RO         3761    .ARM.Collect$$libshutdown$$00000006  c_w.l(libshutdown2.o)
    0x0800020c   0x00000000   Code   RO         3764    .ARM.Collect$$libshutdown$$00000009  c_w.l(libshutdown2.o)
    0x0800020c   0x00000000   Code   RO         3766    .ARM.Collect$$libshutdown$$0000000B  c_w.l(libshutdown2.o)
    0x0800020c   0x00000000   Code   RO         3769    .ARM.Collect$$libshutdown$$0000000E  c_w.l(libshutdown2.o)
    0x0800020c   0x00000002   Code   RO         3770    .ARM.Collect$$libshutdown$$0000000F  c_w.l(libshutdown2.o)
    0x0800020e   0x00000000   Code   RO         3579    .ARM.Collect$$rtentry$$00000000  c_w.l(__rtentry.o)
    0x0800020e   0x00000000   Code   RO         3631    .ARM.Collect$$rtentry$$00000002  c_w.l(__rtentry2.o)
    0x0800020e   0x00000006   Code   RO         3643    .ARM.Collect$$rtentry$$00000004  c_w.l(__rtentry4.o)
    0x08000214   0x00000000   Code   RO         3633    .ARM.Collect$$rtentry$$00000009  c_w.l(__rtentry2.o)
    0x08000214   0x00000004   Code   RO         3634    .ARM.Collect$$rtentry$$0000000A  c_w.l(__rtentry2.o)
    0x08000218   0x00000000   Code   RO         3636    .ARM.Collect$$rtentry$$0000000C  c_w.l(__rtentry2.o)
    0x08000218   0x00000008   Code   RO         3637    .ARM.Collect$$rtentry$$0000000D  c_w.l(__rtentry2.o)
    0x08000220   0x00000002   Code   RO         3679    .ARM.Collect$$rtexit$$00000000  c_w.l(rtexit.o)
    0x08000222   0x00000000   Code   RO         3729    .ARM.Collect$$rtexit$$00000002  c_w.l(rtexit2.o)
    0x08000222   0x00000004   Code   RO         3730    .ARM.Collect$$rtexit$$00000003  c_w.l(rtexit2.o)
    0x08000226   0x00000006   Code   RO         3731    .ARM.Collect$$rtexit$$00000004  c_w.l(rtexit2.o)
    0x0800022c   0x00000040   Code   RO         3374    .text               startup_stm32f10x_hd.o
    0x0800026c   0x00000002   Code   RO         3426    .text               c_w.l(use_no_semi_2.o)
    0x0800026e   0x00000002   PAD
    0x08000270   0x00000018   Code   RO         3430    .text               c_w.l(noretval__2printf.o)
    0x08000288   0x0000004e   Code   RO         3434    .text               c_w.l(_printf_pad.o)
    0x080002d6   0x00000052   Code   RO         3436    .text               c_w.l(_printf_str.o)
    0x08000328   0x00000078   Code   RO         3438    .text               c_w.l(_printf_dec.o)
    0x080003a0   0x00000058   Code   RO         3443    .text               c_w.l(_printf_hex_int.o)
    0x080003f8   0x00000188   Code   RO         3478    .text               c_w.l(__printf_flags_ss_wp.o)
    0x08000580   0x00000080   Code   RO         3487    .text               c_w.l(strcmpv7m.o)
    0x08000600   0x00000006   Code   RO         3489    .text               c_w.l(heapauxi.o)
    0x08000606   0x00000002   Code   RO         3577    .text               c_w.l(use_no_semi.o)
    0x08000608   0x00000016   Code   RO         3580    .text               c_w.l(_rserrno.o)
    0x0800061e   0x000000b2   Code   RO         3582    .text               c_w.l(_printf_intcommon.o)
    0x080006d0   0x0000002c   Code   RO         3584    .text               c_w.l(_printf_char.o)
    0x080006fc   0x00000024   Code   RO         3586    .text               c_w.l(_printf_char_file.o)
    0x08000720   0x00000008   Code   RO         3648    .text               c_w.l(rt_errno_addr_intlibspace.o)
    0x08000728   0x00000030   Code   RO         3650    .text               c_w.l(_printf_char_common.o)
    0x08000758   0x00000008   Code   RO         3652    .text               c_w.l(ferror.o)
    0x08000760   0x00000008   Code   RO         3662    .text               c_w.l(libspace.o)
    0x08000768   0x0000004a   Code   RO         3665    .text               c_w.l(sys_stackheap_outer.o)
    0x080007b2   0x0000000c   Code   RO         3669    .text               c_w.l(exit.o)
    0x080007be   0x00000008   Code   RO            5    i.AT24CXX_Init      24cxx.o
    0x080007c6   0x0000002c   Code   RO            7    i.AT24CXX_ReadLenByte  24cxx.o
    0x080007f2   0x00000058   Code   RO            8    i.AT24CXX_ReadOneByte  24cxx.o
    0x0800084a   0x0000002a   Code   RO           10    i.AT24CXX_WriteLenByte  24cxx.o
    0x08000874   0x00000050   Code   RO           11    i.AT24CXX_WriteOneByte  24cxx.o
    0x080008c4   0x00000144   Code   RO         1187    i.Adc_Init          adc.o
    0x08000a08   0x00000010   Code   RO         2022    i.BKP_DeInit        stm32f10x_bkp.o
    0x08000a18   0x0000001c   Code   RO         2027    i.BKP_ReadBackupRegister  stm32f10x_bkp.o
    0x08000a34   0x0000001c   Code   RO         2031    i.BKP_WriteBackupRegister  stm32f10x_bkp.o
    0x08000a50   0x0000000a   Code   RO          497    i.CT_Delay          ctiic.o
    0x08000a5a   0x00000002   PAD
    0x08000a5c   0x0000004c   Code   RO          498    i.CT_IIC_Ack        ctiic.o
    0x08000aa8   0x00000048   Code   RO          499    i.CT_IIC_Init       ctiic.o
    0x08000af0   0x0000004c   Code   RO          500    i.CT_IIC_NAck       ctiic.o
    0x08000b3c   0x00000068   Code   RO          501    i.CT_IIC_Read_Byte  ctiic.o
    0x08000ba4   0x0000005c   Code   RO          502    i.CT_IIC_Send_Byte  ctiic.o
    0x08000c00   0x00000048   Code   RO          503    i.CT_IIC_Start      ctiic.o
    0x08000c48   0x00000048   Code   RO          504    i.CT_IIC_Stop       ctiic.o
    0x08000c90   0x00000064   Code   RO          505    i.CT_IIC_Wait_Ack   ctiic.o
    0x08000cf4   0x000000e8   Code   RO         1450    i.Clock             main.o
    0x08000ddc   0x00000170   Code   RO         1451    i.Digit             main.o
    0x08000f4c   0x000000f0   Code   RO          572    i.FT5206_Init       ft5206.o
    0x0800103c   0x00000058   Code   RO          573    i.FT5206_RD_Reg     ft5206.o
    0x08001094   0x0000019c   Code   RO          574    i.FT5206_Scan       ft5206.o
    0x08001230   0x00000052   Code   RO          575    i.FT5206_WR_Reg     ft5206.o
    0x08001282   0x00000116   Code   RO         2116    i.GPIO_Init         stm32f10x_gpio.o
    0x08001398   0x00000090   Code   RO         2118    i.GPIO_PinRemapConfig  stm32f10x_gpio.o
    0x08001428   0x00000012   Code   RO         2120    i.GPIO_ReadInputDataBit  stm32f10x_gpio.o
    0x0800143a   0x00000004   Code   RO         2123    i.GPIO_ResetBits    stm32f10x_gpio.o
    0x0800143e   0x00000004   Code   RO         2124    i.GPIO_SetBits      stm32f10x_gpio.o
    0x08001442   0x00000002   PAD
    0x08001444   0x00000128   Code   RO          638    i.GT9147_Init       gt9147.o
    0x0800156c   0x00000062   Code   RO          639    i.GT9147_RD_Reg     gt9147.o
    0x080015ce   0x00000002   PAD
    0x080015d0   0x000001a4   Code   RO          640    i.GT9147_Scan       gt9147.o
    0x08001774   0x0000005c   Code   RO          641    i.GT9147_Send_Cfg   gt9147.o
    0x080017d0   0x0000005c   Code   RO          642    i.GT9147_WR_Reg     gt9147.o
    0x0800182c   0x00000044   Code   RO         1188    i.Get_Adc           adc.o
    0x08001870   0x0000002e   Code   RO         1189    i.Get_Adc_Average   adc.o
    0x0800189e   0x00000002   PAD
    0x080018a0   0x00000050   Code   RO          141    i.IIC_Ack           myiic.o
    0x080018f0   0x00000040   Code   RO          142    i.IIC_Init          myiic.o
    0x08001930   0x00000050   Code   RO          143    i.IIC_NAck          myiic.o
    0x08001980   0x00000070   Code   RO          144    i.IIC_Read_Byte     myiic.o
    0x080019f0   0x00000068   Code   RO          145    i.IIC_Send_Byte     myiic.o
    0x08001a58   0x0000004c   Code   RO          146    i.IIC_Start         myiic.o
    0x08001aa4   0x0000004c   Code   RO          147    i.IIC_Stop          myiic.o
    0x08001af0   0x00000064   Code   RO          148    i.IIC_Wait_Ack      myiic.o
    0x08001b54   0x0000003a   Code   RO          857    i.Is_Leap_Year      rtc.o
    0x08001b8e   0x00000002   PAD
    0x08001b90   0x00000060   Code   RO          210    i.KEY_Init          key.o
    0x08001bf0   0x000000a8   Code   RO          211    i.KEY_Scan          key.o
    0x08001c98   0x00000088   Code   RO          245    i.LCD_Clear         lcd.o
    0x08001d20   0x00000078   Code   RO          246    i.LCD_Color_Fill    lcd.o
    0x08001d98   0x000001c0   Code   RO          249    i.LCD_Display_Dir   lcd.o
    0x08001f58   0x000000b0   Code   RO          250    i.LCD_DrawLine      lcd.o
    0x08002008   0x00000040   Code   RO          251    i.LCD_DrawPoint     lcd.o
    0x08002048   0x0000017a   Code   RO          253    i.LCD_Draw_Circle   lcd.o
    0x080021c2   0x00000002   PAD
    0x080021c4   0x00000364   Code   RO          254    i.LCD_Fast_DrawPoint  lcd.o
    0x08002528   0x000000d4   Code   RO          255    i.LCD_Fill          lcd.o
    0x080025fc   0x00003bbc   Code   RO          256    i.LCD_Init          lcd.o
    0x080061b8   0x00000016   Code   RO          257    i.LCD_Pow           lcd.o
    0x080061ce   0x00000002   PAD
    0x080061d0   0x00000070   Code   RO          258    i.LCD_RD_DATA       lcd.o
    0x08006240   0x00000010   Code   RO          260    i.LCD_ReadReg       lcd.o
    0x08006250   0x000000d4   Code   RO          261    i.LCD_SSD_BackLightSet  lcd.o
    0x08006324   0x00000458   Code   RO          262    i.LCD_Scan_Dir      lcd.o
    0x0800677c   0x000003bc   Code   RO          263    i.LCD_SetCursor     lcd.o
    0x08006b38   0x00000128   Code   RO          265    i.LCD_ShowChar      lcd.o
    0x08006c60   0x00000094   Code   RO          266    i.LCD_ShowNum       lcd.o
    0x08006cf4   0x00000066   Code   RO          267    i.LCD_ShowString    lcd.o
    0x08006d5a   0x000000be   Code   RO          268    i.LCD_ShowxNum      lcd.o
    0x08006e18   0x00000024   Code   RO          269    i.LCD_WR_DATAX      lcd.o
    0x08006e3c   0x00000024   Code   RO          270    i.LCD_WR_REG        lcd.o
    0x08006e60   0x00000010   Code   RO          272    i.LCD_WriteRAM_Prepare  lcd.o
    0x08006e70   0x00000030   Code   RO          273    i.LCD_WriteReg      lcd.o
    0x08006ea0   0x00000050   Code   RO          470    i.LED_Init          led.o
    0x08006ef0   0x0000007c   Code   RO         1452    i.Load_Draw_Dialog  main.o
    0x08006f6c   0x00000070   Code   RO         1738    i.NVIC_Init         misc.o
    0x08006fdc   0x00000014   Code   RO         1739    i.NVIC_PriorityGroupConfig  misc.o
    0x08006ff0   0x000000b4   Code   RO          690    i.OTT2001A_Init     ott2001a.o
    0x080070a4   0x00000062   Code   RO          691    i.OTT2001A_RD_Reg   ott2001a.o
    0x08007106   0x00000002   PAD
    0x08007108   0x000001e0   Code   RO          692    i.OTT2001A_Scan     ott2001a.o
    0x080072e8   0x0000001c   Code   RO          693    i.OTT2001A_SensorControl  ott2001a.o
    0x08007304   0x0000005c   Code   RO          694    i.OTT2001A_WR_Reg   ott2001a.o
    0x08007360   0x0000000c   Code   RO         2236    i.PWR_BackupAccessCmd  stm32f10x_pwr.o
    0x0800736c   0x00000274   Code   RO         1453    i.Pointer           main.o
    0x080075e0   0x00000020   Code   RO         2310    i.RCC_APB1PeriphClockCmd  stm32f10x_rcc.o
    0x08007600   0x00000020   Code   RO         2312    i.RCC_APB2PeriphClockCmd  stm32f10x_rcc.o
    0x08007620   0x0000000c   Code   RO         2315    i.RCC_BackupResetCmd  stm32f10x_rcc.o
    0x0800762c   0x000000d4   Code   RO         2320    i.RCC_GetClocksFreq  stm32f10x_rcc.o
    0x08007700   0x0000003c   Code   RO         2321    i.RCC_GetFlagStatus  stm32f10x_rcc.o
    0x0800773c   0x00000034   Code   RO         2328    i.RCC_LSEConfig     stm32f10x_rcc.o
    0x08007770   0x0000000c   Code   RO         2335    i.RCC_RTCCLKCmd     stm32f10x_rcc.o
    0x0800777c   0x00000010   Code   RO         2336    i.RCC_RTCCLKConfig  stm32f10x_rcc.o
    0x0800778c   0x00000010   Code   RO         2521    i.RTC_ClearITPendingBit  stm32f10x_rtc.o
    0x0800779c   0x00000044   Code   RO          858    i.RTC_CountDown     rtc.o
    0x080077e0   0x00000014   Code   RO         2522    i.RTC_EnterConfigMode  stm32f10x_rtc.o
    0x080077f4   0x00000014   Code   RO         2523    i.RTC_ExitConfigMode  stm32f10x_rtc.o
    0x08007808   0x00000100   Code   RO          859    i.RTC_Get           rtc.o
    0x08007908   0x00000014   Code   RO         2524    i.RTC_GetCounter    stm32f10x_rtc.o
    0x0800791c   0x00000024   Code   RO         2527    i.RTC_GetITStatus   stm32f10x_rtc.o
    0x08007940   0x00000078   Code   RO          860    i.RTC_Get_Week      rtc.o
    0x080079b8   0x00000040   Code   RO          861    i.RTC_IRQHandler    rtc.o
    0x080079f8   0x00000020   Code   RO         2528    i.RTC_ITConfig      stm32f10x_rtc.o
    0x08007a18   0x000000be   Code   RO          862    i.RTC_Init          rtc.o
    0x08007ad6   0x00000020   Code   RO          863    i.RTC_NVIC_Config   rtc.o
    0x08007af6   0x00000002   PAD
    0x08007af8   0x000000c8   Code   RO          864    i.RTC_Set           rtc.o
    0x08007bc0   0x0000001c   Code   RO         2530    i.RTC_SetCounter    stm32f10x_rtc.o
    0x08007bdc   0x00000020   Code   RO         2531    i.RTC_SetPrescaler  stm32f10x_rtc.o
    0x08007bfc   0x00000014   Code   RO         2532    i.RTC_WaitForLastTask  stm32f10x_rtc.o
    0x08007c10   0x00000024   Code   RO         2533    i.RTC_WaitForSynchro  stm32f10x_rtc.o
    0x08007c34   0x000000b8   Code   RO         1271    i.Remote_Init       remote.o
    0x08007cec   0x00000008   Code   RO         3381    i.SetSysClock       system_stm32f10x.o
    0x08007cf4   0x000000e0   Code   RO         3382    i.SetSysClockTo72   system_stm32f10x.o
    0x08007dd4   0x00000028   Code   RO         1742    i.SysTick_CLKSourceConfig  misc.o
    0x08007dfc   0x00000060   Code   RO         3384    i.SystemInit        system_stm32f10x.o
    0x08007e5c   0x00000080   Code   RO         2622    i.TI1_Config        stm32f10x_tim.o
    0x08007edc   0x00000098   Code   RO         2623    i.TI2_Config        stm32f10x_tim.o
    0x08007f74   0x00000090   Code   RO         2624    i.TI3_Config        stm32f10x_tim.o
    0x08008004   0x00000098   Code   RO         2625    i.TI4_Config        stm32f10x_tim.o
    0x0800809c   0x0000003c   Code   RO          973    i.TIM4_IRQHandler   usmart.o
    0x080080d8   0x00000198   Code   RO         1273    i.TIM5_IRQHandler   remote.o
    0x08008270   0x00000006   Code   RO         2632    i.TIM_ClearFlag     stm32f10x_tim.o
    0x08008276   0x00000018   Code   RO         2638    i.TIM_Cmd           stm32f10x_tim.o
    0x0800828e   0x00000006   Code   RO         2654    i.TIM_GetCapture2   stm32f10x_tim.o
    0x08008294   0x00000022   Code   RO         2659    i.TIM_GetITStatus   stm32f10x_tim.o
    0x080082b6   0x00000002   PAD
    0x080082b8   0x000000ac   Code   RO         2661    i.TIM_ICInit        stm32f10x_tim.o
    0x08008364   0x00000012   Code   RO         2663    i.TIM_ITConfig      stm32f10x_tim.o
    0x08008376   0x0000001a   Code   RO         2674    i.TIM_OC2PolarityConfig  stm32f10x_tim.o
    0x08008390   0x00000004   Code   RO         2703    i.TIM_SetCounter    stm32f10x_tim.o
    0x08008394   0x00000012   Code   RO         2704    i.TIM_SetIC1Prescaler  stm32f10x_tim.o
    0x080083a6   0x0000001a   Code   RO         2705    i.TIM_SetIC2Prescaler  stm32f10x_tim.o
    0x080083c0   0x00000012   Code   RO         2706    i.TIM_SetIC3Prescaler  stm32f10x_tim.o
    0x080083d2   0x0000001a   Code   RO         2707    i.TIM_SetIC4Prescaler  stm32f10x_tim.o
    0x080083ec   0x000000a4   Code   RO         2709    i.TIM_TimeBaseInit  stm32f10x_tim.o
    0x08008490   0x000001a8   Code   RO          742    i.TP_Adj_Info_Show  touch.o
    0x08008638   0x00000500   Code   RO          743    i.TP_Adjust         touch.o
    0x08008b38   0x00000070   Code   RO          745    i.TP_Draw_Touch_Point  touch.o
    0x08008ba8   0x000000a8   Code   RO          746    i.TP_Get_Adjdata    touch.o
    0x08008c50   0x00000110   Code   RO          747    i.TP_Init           touch.o
    0x08008d60   0x00000088   Code   RO          748    i.TP_Read_AD        touch.o
    0x08008de8   0x00000078   Code   RO          749    i.TP_Read_XOY       touch.o
    0x08008e60   0x00000030   Code   RO          750    i.TP_Read_XY        touch.o
    0x08008e90   0x000000c0   Code   RO          751    i.TP_Read_XY2       touch.o
    0x08008f50   0x00000078   Code   RO          752    i.TP_Save_Adjdata   touch.o
    0x08008fc8   0x00000110   Code   RO          753    i.TP_Scan           touch.o
    0x080090d8   0x00000040   Code   RO          754    i.TP_Write_Byte     touch.o
    0x08009118   0x0000005c   Code   RO          974    i.Timer4_Init       usmart.o
    0x08009174   0x00000088   Code   RO         1397    i.USART1_IRQHandler  usart.o
    0x080091fc   0x00000018   Code   RO         3186    i.USART_Cmd         stm32f10x_usart.o
    0x08009214   0x00000054   Code   RO         3190    i.USART_GetITStatus  stm32f10x_usart.o
    0x08009268   0x0000004a   Code   RO         3192    i.USART_ITConfig    stm32f10x_usart.o
    0x080092b2   0x00000002   PAD
    0x080092b4   0x000000d8   Code   RO         3193    i.USART_Init        stm32f10x_usart.o
    0x0800938c   0x0000000a   Code   RO         3200    i.USART_ReceiveData  stm32f10x_usart.o
    0x08009396   0x00000028   Code   RO         3658    i.__ARM_fpclassify  m_ws.l(fpclassify.o)
    0x080093be   0x00000002   PAD
    0x080093c0   0x00000388   Code   RO         3619    i.__ieee754_rem_pio2  m_ws.l(rred.o)
    0x08009748   0x000000fc   Code   RO         3602    i.__kernel_cos      m_ws.l(cos_i.o)
    0x08009844   0x000000aa   Code   RO         3660    i.__kernel_poly     m_ws.l(poly.o)
    0x080098ee   0x00000002   PAD
    0x080098f0   0x000000ec   Code   RO         3624    i.__kernel_sin      m_ws.l(sin_i.o)
    0x080099dc   0x00000006   Code   RO         3606    i.__mathlib_dbl_infnan  m_ws.l(dunder.o)
    0x080099e2   0x0000000c   Code   RO         3608    i.__mathlib_dbl_invalid  m_ws.l(dunder.o)
    0x080099ee   0x00000002   PAD
    0x080099f0   0x00000010   Code   RO         3611    i.__mathlib_dbl_underflow  m_ws.l(dunder.o)
    0x08009a00   0x0000000e   Code   RO         3471    i._is_digit         c_w.l(__printf_wp.o)
    0x08009a0e   0x00000004   Code   RO         1398    i._sys_exit         usart.o
    0x08009a12   0x00000002   PAD
    0x08009a14   0x0000006c   Code   RO          865    i.add_alarm         rtc.o
    0x08009a80   0x00000064   Code   RO          866    i.add_timer         rtc.o
    0x08009ae4   0x00000080   Code   RO         1454    i.checkAlarm        main.o
    0x08009b64   0x0000009c   Code   RO         3554    i.cos               m_ws.l(cos.o)
    0x08009c00   0x00000124   Code   RO         1455    i.ctp_test          main.o
    0x08009d24   0x00000090   Code   RO          867    i.del_alarm         rtc.o
    0x08009db4   0x00000084   Code   RO          868    i.del_timer         rtc.o
    0x08009e38   0x00000044   Code   RO         1313    i.delay_init        delay.o
    0x08009e7c   0x0000004c   Code   RO         1314    i.delay_ms          delay.o
    0x08009ec8   0x0000004c   Code   RO         1315    i.delay_us          delay.o
    0x08009f14   0x0000003a   Code   RO         1456    i.down_button       main.o
    0x08009f4e   0x00000002   PAD
    0x08009f50   0x00000472   Code   RO         1457    i.edit              main.o
    0x0800a3c2   0x00000002   PAD
    0x0800a3c4   0x00000060   Code   RO          869    i.edit_alarm        rtc.o
    0x0800a424   0x00000058   Code   RO          870    i.edit_timer        rtc.o
    0x0800a47c   0x0000001c   Code   RO         1399    i.fputc             usart.o
    0x0800a498   0x0000010c   Code   RO         1458    i.function1         main.o
    0x0800a5a4   0x0000027c   Code   RO         1459    i.function2         main.o
    0x0800a820   0x0000017c   Code   RO         1460    i.function3         main.o
    0x0800a99c   0x00000024   Code   RO         1461    i.gui_draw_hline    main.o
    0x0800a9c0   0x000000b0   Code   RO         1462    i.gui_fill_circle   main.o
    0x0800aa70   0x000000d4   Code   RO         1463    i.lcd_draw_bline    main.o
    0x0800ab44   0x0000003a   Code   RO         1464    i.left_button       main.o
    0x0800ab7e   0x0000006c   Code   RO         1465    i.left_right        main.o
    0x0800abea   0x00000002   PAD
    0x0800abec   0x00000164   Code   RO         1466    i.main              main.o
    0x0800ad50   0x00000104   Code   RO         1468    i.printWeek         main.o
    0x0800ae54   0x00000006   Code   RO          975    i.read_addr         usmart.o
    0x0800ae5a   0x0000003a   Code   RO         1469    i.right_button      main.o
    0x0800ae94   0x000005ec   Code   RO         1470    i.rtp_test          main.o
    0x0800b480   0x00000030   Code   RO         1471    i.select_button1    main.o
    0x0800b4b0   0x00000030   Code   RO         1472    i.select_button2    main.o
    0x0800b4e0   0x00000030   Code   RO         1473    i.select_button3    main.o
    0x0800b510   0x0000016c   Code   RO         1474    i.select_edit       main.o
    0x0800b67c   0x00000070   Code   RO         1475    i.show_time         main.o
    0x0800b6ec   0x000000a0   Code   RO         3562    i.sin               m_ws.l(sin.o)
    0x0800b78c   0x0000004c   Code   RO         3570    i.sqrt              m_ws.l(sqrt.o)
    0x0800b7d8   0x0000003a   Code   RO         1476    i.test1             main.o
    0x0800b812   0x0000003a   Code   RO         1477    i.test2             main.o
    0x0800b84c   0x00000058   Code   RO         1478    i.test3             main.o
    0x0800b8a4   0x00000048   Code   RO         1479    i.test4             main.o
    0x0800b8ec   0x00000048   Code   RO         1480    i.test5             main.o
    0x0800b934   0x000001f2   Code   RO         1481    i.test6             main.o
    0x0800bb26   0x0000003c   Code   RO         1482    i.test7             main.o
    0x0800bb62   0x00000028   Code   RO         1483    i.test8             main.o
    0x0800bb8a   0x00000002   PAD
    0x0800bb8c   0x000000a0   Code   RO         1400    i.uart_init         usart.o
    0x0800bc2c   0x0000003a   Code   RO         1484    i.up_button         main.o
    0x0800bc66   0x0000006c   Code   RO         1485    i.up_down           main.o
    0x0800bcd2   0x00000002   PAD
    0x0800bcd4   0x000000b0   Code   RO          976    i.usmart_cmd_rec    usmart.o
    0x0800bd84   0x000002d8   Code   RO          977    i.usmart_exe        usmart.o
    0x0800c05c   0x000000c8   Code   RO         1103    i.usmart_get_aparm  usmart_str.o
    0x0800c124   0x00000036   Code   RO         1104    i.usmart_get_cmdname  usmart_str.o
    0x0800c15a   0x00000002   PAD
    0x0800c15c   0x000001c0   Code   RO         1105    i.usmart_get_fname  usmart_str.o
    0x0800c31c   0x0000010c   Code   RO         1106    i.usmart_get_fparam  usmart_str.o
    0x0800c428   0x00000020   Code   RO         1107    i.usmart_get_parmpos  usmart_str.o
    0x0800c448   0x00000040   Code   RO          978    i.usmart_get_runtime  usmart.o
    0x0800c488   0x00000028   Code   RO          979    i.usmart_init       usmart.o
    0x0800c4b0   0x00000016   Code   RO         1108    i.usmart_pow        usmart_str.o
    0x0800c4c6   0x00000002   PAD
    0x0800c4c8   0x00000030   Code   RO          980    i.usmart_reset_runtime  usmart.o
    0x0800c4f8   0x000000bc   Code   RO          981    i.usmart_scan       usmart.o
    0x0800c5b4   0x00000016   Code   RO         1109    i.usmart_search_nextc  usmart_str.o
    0x0800c5ca   0x000000ca   Code   RO         1110    i.usmart_str2num    usmart_str.o
    0x0800c694   0x00000022   Code   RO         1111    i.usmart_strcmp     usmart_str.o
    0x0800c6b6   0x00000016   Code   RO         1112    i.usmart_strcopy    usmart_str.o
    0x0800c6cc   0x00000018   Code   RO         1113    i.usmart_strlen     usmart_str.o
    0x0800c6e4   0x000006e4   Code   RO          982    i.usmart_sys_cmd_exe  usmart.o
    0x0800cdc8   0x00000004   Code   RO          983    i.write_addr        usmart.o
    0x0800cdcc   0x00000062   Code   RO         3493    x$fpl$d2f           fz_ws.l(d2f.o)
    0x0800ce2e   0x00000002   PAD
    0x0800ce30   0x00000150   Code   RO         3495    x$fpl$dadd          fz_ws.l(daddsub_clz.o)
    0x0800cf80   0x00000010   Code   RO         3677    x$fpl$dcheck1       fz_ws.l(dcheck1.o)
    0x0800cf90   0x00000018   Code   RO         3589    x$fpl$dcmpinf       fz_ws.l(dcmpi.o)
    0x0800cfa8   0x000002b0   Code   RO         3502    x$fpl$ddiv          fz_ws.l(ddiv.o)
    0x0800d258   0x0000005e   Code   RO         3505    x$fpl$dfix          fz_ws.l(dfix.o)
    0x0800d2b6   0x00000002   PAD
    0x0800d2b8   0x0000005a   Code   RO         3509    x$fpl$dfixu         fz_ws.l(dfixu.o)
    0x0800d312   0x0000002e   Code   RO         3514    x$fpl$dflt          fz_ws.l(dflt_clz.o)
    0x0800d340   0x00000026   Code   RO         3513    x$fpl$dfltu         fz_ws.l(dflt_clz.o)
    0x0800d366   0x00000002   PAD
    0x0800d368   0x00000078   Code   RO         3519    x$fpl$dleqf         fz_ws.l(dleqf.o)
    0x0800d3e0   0x00000154   Code   RO         3521    x$fpl$dmul          fz_ws.l(dmul.o)
    0x0800d534   0x0000009c   Code   RO         3591    x$fpl$dnaninf       fz_ws.l(dnaninf.o)
    0x0800d5d0   0x0000000c   Code   RO         3593    x$fpl$dretinf       fz_ws.l(dretinf.o)
    0x0800d5dc   0x0000006c   Code   RO         3523    x$fpl$drleqf        fz_ws.l(drleqf.o)
    0x0800d648   0x00000016   Code   RO         3496    x$fpl$drsb          fz_ws.l(daddsub_clz.o)
    0x0800d65e   0x00000002   PAD
    0x0800d660   0x000001cc   Code   RO         3595    x$fpl$dsqrt         fz_ws.l(dsqrt_noumaal.o)
    0x0800d82c   0x000001d4   Code   RO         3497    x$fpl$dsub          fz_ws.l(daddsub_clz.o)
    0x0800da00   0x00000056   Code   RO         3525    x$fpl$f2d           fz_ws.l(f2d.o)
    0x0800da56   0x00000002   PAD
    0x0800da58   0x000000c4   Code   RO         3527    x$fpl$fadd          fz_ws.l(faddsub_clz.o)
    0x0800db1c   0x00000184   Code   RO         3534    x$fpl$fdiv          fz_ws.l(fdiv.o)
    0x0800dca0   0x00000036   Code   RO         3537    x$fpl$ffix          fz_ws.l(ffix.o)
    0x0800dcd6   0x00000002   PAD
    0x0800dcd8   0x0000003e   Code   RO         3541    x$fpl$ffixu         fz_ws.l(ffixu.o)
    0x0800dd16   0x00000002   PAD
    0x0800dd18   0x00000030   Code   RO         3546    x$fpl$fflt          fz_ws.l(fflt_clz.o)
    0x0800dd48   0x00000026   Code   RO         3545    x$fpl$ffltu         fz_ws.l(fflt_clz.o)
    0x0800dd6e   0x00000002   PAD
    0x0800dd70   0x00000102   Code   RO         3551    x$fpl$fmul          fz_ws.l(fmul.o)
    0x0800de72   0x0000008c   Code   RO         3597    x$fpl$fnaninf       fz_ws.l(fnaninf.o)
    0x0800defe   0x0000000a   Code   RO         3599    x$fpl$fretinf       fz_ws.l(fretinf.o)
    0x0800df08   0x00000014   Code   RO         3528    x$fpl$frsb          fz_ws.l(faddsub_clz.o)
    0x0800df1c   0x000000ea   Code   RO         3529    x$fpl$fsub          fz_ws.l(faddsub_clz.o)
    0x0800e006   0x00000064   Code   RO         3726    x$fpl$retnan        fz_ws.l(retnan.o)
    0x0800e06a   0x0000005c   Code   RO         3656    x$fpl$scalbn        fz_ws.l(scalbn.o)
    0x0800e0c6   0x00000030   Code   RO         3739    x$fpl$trapveneer    fz_ws.l(trapv.o)
    0x0800e0f6   0x00000000   Code   RO         3601    x$fpl$usenofp       fz_ws.l(usenofp.o)
    0x0800e0f6   0x000017c0   Data   RO          276    .constdata          lcd.o
    0x0800f8b6   0x0000000a   Data   RO          576    .constdata          ft5206.o
    0x0800f8c0   0x000000c2   Data   RO          643    .constdata          gt9147.o
    0x0800f982   0x0000000a   Data   RO          695    .constdata          ott2001a.o
    0x0800f98c   0x0000000c   Data   RO          755    .constdata          touch.o
    0x0800f998   0x00000018   Data   RO          872    .constdata          rtc.o
    0x0800f9b0   0x0000000a   Data   RO         1486    .constdata          main.o
    0x0800f9ba   0x00000028   Data   RO         3444    .constdata          c_w.l(_printf_hex_int.o)
    0x0800f9e2   0x00000011   Data   RO         3479    .constdata          c_w.l(__printf_flags_ss_wp.o)
    0x0800f9f3   0x00000005   PAD
    0x0800f9f8   0x00000030   Data   RO         3603    .constdata          m_ws.l(cos_i.o)
    0x0800fa28   0x000000c8   Data   RO         3621    .constdata          m_ws.l(rred.o)
    0x0800faf0   0x00000028   Data   RO         3625    .constdata          m_ws.l(sin_i.o)
    0x0800fb18   0x00000079   Data   RO          756    .conststring        touch.o
    0x0800fb91   0x00000003   PAD
    0x0800fb94   0x00000028   Data   RO          984    .conststring        usmart.o
    0x0800fbbc   0x000001af   Data   RO         1068    .conststring        usmart_config.o
    0x0800fd6b   0x00000001   PAD
    0x0800fd6c   0x00000020   Data   RO         3802    Region$$Table       anon$$obj.o


    Execution Region RW_IRAM1 (Base: 0x20000000, Size: 0x000009c8, Max: 0x0000c000, ABSOLUTE, COMPRESSED[0x000000c8])

    Base Addr    Size         Type   Attr      Idx    E Section Name        Object

    0x20000000   0x00000001   Data   RW          212    .data               key.o
    0x20000001   0x00000001   PAD
    0x20000002   0x00000004   Data   RW          277    .data               lcd.o
    0x20000006   0x00000001   Data   RW          577    .data               ft5206.o
    0x20000007   0x00000001   Data   RW          644    .data               gt9147.o
    0x20000008   0x00000001   Data   RW          696    .data               ott2001a.o
    0x20000009   0x00000003   PAD
    0x2000000c   0x0000003c   Data   RW          757    .data               touch.o
    0x20000048   0x0000000a   Data   RW          873    .data               rtc.o
    0x20000052   0x00000002   PAD
    0x20000054   0x0000001c   Data   RW          985    .data               usmart.o
    0x20000070   0x00000154   Data   RW         1069    .data               usmart_config.o
    0x200001c4   0x00000009   Data   RW         1274    .data               remote.o
    0x200001cd   0x00000001   PAD
    0x200001ce   0x00000004   Data   RW         1316    .data               delay.o
    0x200001d2   0x00000002   PAD
    0x200001d4   0x00000006   Data   RW         1402    .data               usart.o
    0x200001da   0x00000002   PAD
    0x200001dc   0x00000080   Data   RW         1487    .data               main.o
    0x2000025c   0x00000014   Data   RW         2340    .data               stm32f10x_rcc.o
    0x20000270   0x00000014   Data   RW         3385    .data               system_stm32f10x.o
    0x20000284   0x0000000e   Zero   RW          275    .bss                lcd.o
    0x20000292   0x0000000a   Zero   RW          871    .bss                rtc.o
    0x2000029c   0x000000c8   Zero   RW         1401    .bss                usart.o
    0x20000364   0x00000060   Zero   RW         3663    .bss                c_w.l(libspace.o)
    0x200003c4   0x00000004   PAD
    0x200003c8   0x00000200   Zero   RW         3372    HEAP                startup_stm32f10x_hd.o
    0x200005c8   0x00000400   Zero   RW         3371    STACK               startup_stm32f10x_hd.o


==============================================================================

Image component sizes


      Code (inc. data)   RO Data    RW Data    ZI Data      Debug   Object Name

       262          0          0          0          0     256149   24cxx.o
       438         20          0          0          0       1531   adc.o
       674        100          0          0          0       4325   ctiic.o
       220         26          0          4          0       1543   delay.o
       822         38         10          1          0       3285   ft5206.o
       998         72        194          1          0       3974   gt9147.o
       264         28          0          1          0       1086   key.o
     20996        272       6080          4         14      27392   lcd.o
        80          8          0          0          0        463   led.o
      8764        800         10        128          0      21960   main.o
       172         22          0          0          0       2245   misc.o
       692        108          0          0          0       3914   myiic.o
       878         58         10          1          0       3747   ott2001a.o
       592         32          0          9          0       1584   remote.o
      1656        242         24         10         10       9691   rtc.o
        64         26        304          0       1536        800   startup_stm32f10x_hd.o
        72         10          0          0          0       2864   stm32f10x_bkp.o
       448          6          0          0          0       4710   stm32f10x_gpio.o
        12          6          0          0          0        546   stm32f10x_pwr.o
       428         58          0         20          0       7494   stm32f10x_rcc.o
       260         48          0          0          0       5472   stm32f10x_rtc.o
      1118        150          0          0          0      11694   stm32f10x_tim.o
       408          6          0          0          0       5198   stm32f10x_usart.o
       328         28          0         20          0       2185   system_stm32f10x.o
      3208        244        133         60          0       9467   touch.o
       328         26          0          6        200       3868   usart.o
      3170       1332         40         28          0       6982   usmart.o
         0          0        431        340          0       1520   usmart_config.o
      1328         20          0          0          0       7841   usmart_str.o

    ----------------------------------------------------------------------
     48718       3786       7272        644       1760     413530   Object Totals
         0          0         32          0          0          0   (incl. Generated)
        38          0          4         11          0          0   (incl. Padding)

    ----------------------------------------------------------------------

      Code (inc. data)   RO Data    RW Data    ZI Data      Debug   Library Member Name

        90          0          0          0          0          0   __dczerorl2.o
         8          0          0          0          0         68   __main.o
       392          4         17          0          0         92   __printf_flags_ss_wp.o
        14          0          0          0          0         68   __printf_wp.o
         0          0          0          0          0          0   __rtentry.o
        12          0          0          0          0          0   __rtentry2.o
         6          0          0          0          0          0   __rtentry4.o
        52          8          0          0          0          0   __scatter.o
        28          0          0          0          0          0   __scatter_zi.o
         6          0          0          0          0          0   _printf_c.o
        44          0          0          0          0        108   _printf_char.o
        48          6          0          0          0         96   _printf_char_common.o
        36          4          0          0          0         80   _printf_char_file.o
         6          0          0          0          0          0   _printf_d.o
       120         16          0          0          0         92   _printf_dec.o
        88          4         40          0          0         88   _printf_hex_int.o
       178          0          0          0          0         88   _printf_intcommon.o
        78          0          0          0          0        108   _printf_pad.o
         0          0          0          0          0          0   _printf_percent.o
         4          0          0          0          0          0   _printf_percent_end.o
         6          0          0          0          0          0   _printf_s.o
        82          0          0          0          0         80   _printf_str.o
         6          0          0          0          0          0   _printf_u.o
         6          0          0          0          0          0   _printf_x.o
        22          0          0          0          0        100   _rserrno.o
        12          0          0          0          0         72   exit.o
         8          0          0          0          0         68   ferror.o
         6          0          0          0          0        152   heapauxi.o
         2          0          0          0          0          0   libinit.o
         2          0          0          0          0          0   libinit2.o
         2          0          0          0          0          0   libshutdown.o
         2          0          0          0          0          0   libshutdown2.o
         8          4          0          0         96         68   libspace.o
        24          4          0          0          0         84   noretval__2printf.o
         8          4          0          0          0         68   rt_errno_addr_intlibspace.o
         2          0          0          0          0          0   rtexit.o
        10          0          0          0          0          0   rtexit2.o
       128          0          0          0          0         68   strcmpv7m.o
        74          0          0          0          0         80   sys_stackheap_outer.o
         2          0          0          0          0         68   use_no_semi.o
         2          0          0          0          0         68   use_no_semi_2.o
        98          4          0          0          0         92   d2f.o
       826         16          0          0          0        348   daddsub_clz.o
        16          4          0          0          0         68   dcheck1.o
        24          0          0          0          0         68   dcmpi.o
       688        140          0          0          0        208   ddiv.o
        94          4          0          0          0         92   dfix.o
        90          4          0          0          0         92   dfixu.o
        84          0          0          0          0        136   dflt_clz.o
       120          4          0          0          0         92   dleqf.o
       340         12          0          0          0        104   dmul.o
       156          4          0          0          0         92   dnaninf.o
        12          0          0          0          0         68   dretinf.o
       108          0          0          0          0         80   drleqf.o
       460         56          0          0          0        120   dsqrt_noumaal.o
        86          4          0          0          0         84   f2d.o
       450          8          0          0          0        236   faddsub_clz.o
       388         76          0          0          0         96   fdiv.o
        54          4          0          0          0         84   ffix.o
        62          4          0          0          0         84   ffixu.o
        86          0          0          0          0        136   fflt_clz.o
       258          4          0          0          0         84   fmul.o
       140          4          0          0          0         84   fnaninf.o
        10          0          0          0          0         68   fretinf.o
       100          0          0          0          0         68   retnan.o
        92          0          0          0          0         68   scalbn.o
        48          0          0          0          0         68   trapv.o
         0          0          0          0          0          0   usenofp.o
       156          8          0          0          0        104   cos.o
       252         22         48          0          0        124   cos_i.o
        34          6          0          0          0        204   dunder.o
        40          0          0          0          0         68   fpclassify.o
       170          0          0          0          0         96   poly.o
       904         76        200          0          0        140   rred.o
       160         10          0          0          0        108   sin.o
       236         12         40          0          0        128   sin_i.o
        76          0          0          0          0         84   sqrt.o

    ----------------------------------------------------------------------
      8568        540        350          0        100       5740   Library Totals
        26          0          5          0          4          0   (incl. Padding)

    ----------------------------------------------------------------------

      Code (inc. data)   RO Data    RW Data    ZI Data      Debug   Library Name

      1624         54         57          0         96       1864   c_w.l
      4890        352          0          0          0       2820   fz_ws.l
      2028        134        288          0          0       1056   m_ws.l

    ----------------------------------------------------------------------
      8568        540        350          0        100       5740   Library Totals

    ----------------------------------------------------------------------

==============================================================================


      Code (inc. data)   RO Data    RW Data    ZI Data      Debug   

     57286       4326       7622        644       1860     405330   Grand Totals
     57286       4326       7622        200       1860     405330   ELF Image Totals (compressed)
     57286       4326       7622        200          0          0   ROM Totals

==============================================================================

    Total RO  Size (Code + RO Data)                64908 (  63.39kB)
    Total RW  Size (RW Data + ZI Data)              2504 (   2.45kB)
    Total ROM Size (Code + RO Data + RW Data)      65108 (  63.58kB)

==============================================================================

